checking for a BSD-compatible install... /usr/bin/install -c
checking whether build environment is sane... yes
checking for a race-free mkdir -p... ./build-aux/install-sh -c -d
checking for gawk... no
checking for mawk... no
checking for nawk... no
checking for awk... awk
checking whether make sets $(MAKE)... yes
checking whether make supports nested variables... yes
checking whether make supports nested variables... (cached) yes
checking for gcc... gcc
checking whether the C compiler works... yes
checking for C compiler default output file name... a.out
checking for suffix of executables... 
checking whether we are cross compiling... no
checking for suffix of object files... o
checking whether the compiler supports GNU C... yes
checking whether gcc accepts -g... yes
checking for gcc option to enable C11 features... none needed
checking whether gcc understands -c and -o together... yes
checking whether the compiler is clang... yes
checking for compiler option needed when checking for declarations... -Werror=implicit-function-declaration
checking whether make supports the include directive... yes (GNU style)
checking dependency style of gcc... gcc3
checking for g++... g++
checking whether the compiler supports GNU C++... yes
checking whether g++ accepts -g... yes
checking for g++ option to enable C++11 features... none needed
checking dependency style of g++... gcc3
checking for stdio.h... yes
checking for stdlib.h... yes
checking for string.h... yes
checking for inttypes.h... yes
checking for stdint.h... yes
checking for strings.h... yes
checking for sys/stat.h... yes
checking for sys/types.h... yes
checking for unistd.h... yes
checking for wchar.h... yes
checking for minix/config.h... no
checking for locale.h... yes
checking for sys/param.h... yes
checking for sys/socket.h... yes
checking for stdio_ext.h... no
checking for features.h... no
checking for getopt.h... yes
checking for sys/cdefs.h... yes
checking for sys/time.h... yes
checking for iconv.h... yes
checking for limits.h... yes
checking for crtdefs.h... no
checking for wctype.h... yes
checking for threads.h... no
checking for math.h... yes
checking for sys/mman.h... yes
checking for spawn.h... yes
checking for sys/ioctl.h... yes
checking for sys/resource.h... yes
checking for sys/times.h... yes
checking for sys/wait.h... yes
checking for termios.h... yes
checking for dirent.h... yes
checking for xlocale.h... yes
checking whether it is safe to define __EXTENSIONS__... yes
checking whether _XOPEN_SOURCE should be defined... no
checking build system type... aarch64-apple-darwin27.0.0
checking host system type... aarch64-apple-darwin27.0.0
checking how to run the C preprocessor... gcc -E
checking for grep that handles long lines and -e... /usr/bin/grep
checking for egrep... /usr/bin/grep -E
checking for Minix Amsterdam compiler... no
checking for ar... ar
checking for ranlib... ranlib
checking for special C compiler options needed for large files... no
checking for _FILE_OFFSET_BITS value needed for large files... no
checking for ld used by gcc... /Applications/Xcode.app/Contents/Developer/Toolchains/XcodeDefault.xctoolchain/usr/bin/ld
checking if the linker (/Applications/Xcode.app/Contents/Developer/Toolchains/XcodeDefault.xctoolchain/usr/bin/ld) is GNU ld... no
checking for shared library run path origin... done
checking 32-bit host C ABI... no
checking for ELF binary format... no
checking for the common suffixes of directories in the library search path... lib,lib,lib
checking for libtextstyle... no
checking for inline... inline
checking for tcdrain... yes
checking for canonicalize_file_name... no
checking for faccessat... yes
checking for realpath... yes
checking for lstat... yes
checking for readlinkat... yes
checking for _set_invalid_parameter_handler... no
checking for fchdir... yes
checking for fcntl... yes
checking for symlink... yes
checking for ffsl... yes
checking for vasnprintf... no
checking for snprintf... yes
checking for fsync... yes
checking for microuptime... no
checking for nanouptime... no
checking for getprogname... yes
checking for getexecname... no
checking for getrusage... yes
checking for gettimeofday... yes
checking for iswcntrl... yes
checking for iswblank... yes
checking for mbsinit... yes
checking for mbrtowc... yes
checking for isascii... yes
checking for mprotect... yes
checking for obstack_printf... no
checking for strerror_r... yes
checking for __xpg_strerror_r... no
checking for pipe... yes
checking for pipe2... yes
checking for posix_spawn_file_actions_addchdir_np... yes
checking for posix_spawn_file_actions_addchdir... yes
checking for readlink... yes
checking for setenv... yes
checking for link... yes
checking for sigaction... yes
checking for sigaltstack... yes
checking for siginterrupt... yes
checking for stpncpy... yes
checking for strndup... yes
checking for wcwidth... yes
checking for fdopendir... yes
checking for mempcpy... no
checking for __fseterr... no
checking for fstatat... yes
checking for getdelim... yes
checking for getdtablesize... yes
checking for openat... yes
checking for catgets... yes
checking for setlocale... yes
checking whether pragma GCC diagnostic push works... yes
checking whether C++ compiler handles -Werror -Wunknown-warning-option... yes
checking whether C++ compiler handles -fno-exceptions... yes
checking whether C++ compiler accepts -std=c++98... yes
checking whether C++ compiler accepts -std=c++03... yes
checking whether C++ compiler accepts -std=c++11... yes
checking whether C++ compiler accepts -std=c++14... yes
checking whether C++ compiler accepts -std=c++17... yes
checking whether C++ compiler accepts -std=c++20... yes
checking whether C++ compiler accepts -std=c++2b... yes
checking whether gcc supports POSIXLY_CORRECT=1... yes
checking whether g++ builds executables that work... yes
checking whether g++ supports POSIXLY_CORRECT=1... yes
checking for dmd... no
checking for -g... no
checking for Java compiler... no
checking for Java virtual machine... no
checking for flex... flex
checking whether lex is flex... yes
checking whether flex supports --header=FILE... yes
checking lex output file root... lex.yy
checking lex library... -ll
checking whether yytext is a pointer... yes
checking for bison... bison -y
checking for ranlib... (cached) ranlib
checking for GNU M4 that supports accurate traces... /usr/bin/m4
checking whether /usr/bin/m4 accepts --gnu... no
configure: WARNING: the version of M4 that was found does not support -g
configure: WARNING: using it with POSIXLY_CORRECT set may cause problems
checking how m4 supports trace files... --error-output
checking for perl... /usr/bin/perl
checking for xsltproc... /usr/bin/xsltproc
checking for inline... (cached) inline
checking for size_t... yes
checking for working alloca.h... yes
checking for alloca... yes
checking whether malloc is ptrdiff_t safe... yes
checking whether malloc, realloc, calloc set errno on failure... yes
checking whether lstat correctly handles trailing slash... yes
checking whether // is distinct from /... no
checking whether realpath works... no
checking for getcwd... yes
checking for C/C++ restrict keyword... __restrict__
checking if environ is properly declared... no
checking whether the preprocessor supports include_next... yes
checking whether source code line length is unlimited... yes
checking for complete errno.h... yes
checking for gcc options needed to detect all undeclared functions... none needed
checking whether strerror_r is declared... yes
checking whether strerror_r returns char *... no
checking for mode_t... yes
checking for sig_atomic_t... yes
checking for working fcntl.h... yes
checking for pid_t... yes
checking for eaccess... no
checking for stdint.h... yes
checking for inttypes.h... yes
checking whether printf supports size specifiers as in C99... yes
checking whether printf supports 'long double' arguments... yes
checking whether printf supports infinite 'double' arguments... yes
checking whether byte ordering is bigendian... no
checking whether long double and double are the same... yes
checking whether printf supports infinite 'long double' arguments... yes
checking whether printf supports the 'a' and 'A' directives... no
checking whether printf supports the 'F' directive... yes
checking whether printf supports the 'n' directive... no
checking whether printf supports the 'ls' directive... yes
checking whether printf supports POSIX/XSI format strings with positions... yes
checking whether printf supports the grouping flag... yes
checking whether printf supports the left-adjust flag correctly... yes
checking whether printf supports the zero flag correctly... yes
checking whether printf supports large precisions... yes
checking whether the compiler produces multi-arch binaries... no
checking whether printf survives out-of-memory conditions... guessing no
checking for wchar_t... yes
checking for wint_t... yes
checking whether wint_t is large enough... yes
checking for intmax_t... yes
checking where to find the exponent in a 'double'... word 1 bit 20
checking whether snprintf returns a byte count as in C99... yes
checking whether snprintf truncates the result as in C99... yes
checking for snprintf... (cached) yes
checking for strnlen... yes
checking for wcslen... yes
checking for wcsnlen... yes
checking for mbrtowc... (cached) yes
checking for wcrtomb... yes
checking whether _snprintf is declared... no
checking whether frexp() can be used without linking with libm... yes
checking whether alarm is declared... yes
checking whether getcwd (NULL, 0) allocates memory for result... yes
checking for getcwd with POSIX signature... yes
checking whether getcwd is declared... yes
checking for d_ino member in directory struct... yes
checking for arithmetic hrtime_t... no
checking for getopt.h... (cached) yes
checking for getopt_long_only... yes
checking whether getopt is POSIX compatible... no
checking for struct timeval... yes
checking for wide-enough struct timeval.tv_sec member... yes
checking for iconv... yes
checking for working iconv... yes
checking how to link with libiconv... -liconv
checking whether iconv is compatible with its POSIX signature... yes
checking whether limits.h has WORD_BIT, BOOL_WIDTH etc.... no
checking whether stdint.h conforms to C99... yes
checking whether stdint.h works without ISO C predefines... yes
checking whether stdint.h has UINTMAX_WIDTH etc.... no
checking whether INT32_MAX < INTMAX_MAX... yes
checking whether INT64_MAX == LONG_MAX... yes
checking whether UINT32_MAX < UINTMAX_MAX... yes
checking whether UINT64_MAX == ULONG_MAX... yes
checking where to find the exponent in a 'float'... word 0 bit 23
checking whether isnan(float) can be used without linking with libm... yes
checking whether isnan(float) works... yes
checking whether isnan(double) can be used without linking with libm... yes
checking whether isnan(long double) can be used without linking with libm... yes
checking whether isnanl works... yes
checking whether iswcntrl works... yes
checking for towlower... yes
checking for wctype_t... yes
checking for wctrans_t... yes
checking for nl_langinfo and CODESET... yes
checking for a traditional french locale... fr_FR.ISO8859-1
checking for a traditional japanese locale... ja_JP.eucJP
checking for a french Unicode locale... fr_FR.UTF-8
checking for a transitional chinese locale... zh_CN.GB18030
checking whether ldexp() can be used without linking with libm... yes
checking whether imported symbols can be declared weak... no
checking for pthread.h... yes
checking for pthread_kill in -lpthread... yes
checking whether POSIX threads API is available... yes
checking for multithread API to use... posix
checking for a sed that does not truncate output... /usr/bin/sed
checking whether NAN macro works... yes
checking whether HUGE_VAL works... yes
checking for mbstate_t... yes
checking for mmap... yes
checking for MAP_ANONYMOUS... yes
checking whether memchr works... yes
checking whether <limits.h> defines MIN and MAX... no
checking whether <sys/param.h> defines MIN and MAX... yes
checking whether obstack_printf is declared... no
checking for O_CLOEXEC... yes
checking for promoted mode_t type... int
checking whether strerror(0) succeeds... no
checking for library containing posix_spawn... none required
checking for posix_spawn... yes
checking whether posix_spawn is declared... yes
checking whether posix_spawn works... yes
checking whether posix_spawn rejects scripts without shebang... yes
checking whether posix_spawnp rejects scripts without shebang... no
checking for nl_langinfo... yes
checking for ptrdiff_t... yes
checking whether C symbols are prefixed with underscore at the linker level... yes
checking for sigset_t... yes
checking for shared library path variable... DYLD_LIBRARY_PATH
checking whether to activate relocatable installation... no
checking whether malloc (0) returns nonnull... yes
checking whether setenv is declared... yes
checking for sched.h... yes
checking for struct sched_param... yes
checking for uid_t in sys/types.h... yes
checking for volatile sig_atomic_t... yes
checking for sighandler_t... no
checking whether snprintf is declared... yes
checking for posix_spawnattr_t... yes
checking for posix_spawn_file_actions_t... yes
checking whether stat file-mode macros are broken... no
checking for nlink_t... yes
checking for stdbool.h that conforms to C99... yes
checking for _Bool... yes
checking for good max_align_t... yes
checking whether NULL can be used in arbitrary expressions... yes
checking whether fcloseall is declared... no
checking which flavor of printf attribute matches inttypes macros... system
checking whether ecvt is declared... yes
checking whether fcvt is declared... yes
checking whether gcvt is declared... yes
checking whether stpncpy is declared... yes
checking whether strdup is declared... yes
checking whether strndup is declared... yes
checking whether <sys/ioctl.h> declares ioctl... yes
checking for struct tms... yes
checking for struct timespec in <time.h>... yes
checking for TIME_UTC in <time.h>... yes
checking whether execvpe is declared... no
checking whether clearerr_unlocked is declared... yes
checking whether feof_unlocked is declared... yes
checking whether ferror_unlocked is declared... yes
checking whether fflush_unlocked is declared... no
checking whether fgets_unlocked is declared... no
checking whether fputc_unlocked is declared... no
checking whether fputs_unlocked is declared... no
checking whether fread_unlocked is declared... no
checking whether fwrite_unlocked is declared... no
checking whether getc_unlocked is declared... yes
checking whether getchar_unlocked is declared... yes
checking whether putc_unlocked is declared... yes
checking whether putchar_unlocked is declared... yes
checking whether unsetenv is declared... yes
checking whether vsnprintf is declared... yes
checking whether <wchar.h> uses 'inline' correctly... yes
checking whether wcsdup is declared... yes
checking POSIX termios... yes
checking whether use of TIOCGWINSZ requires termios.h... yes
checking whether fchdir is declared... yes
checking whether getdelim is declared... yes
checking whether getdtablesize is declared... yes
checking whether getline is declared... yes
checking whether setlocale (LC_ALL, NULL) is multithread-safe... no
checking whether setlocale (category, NULL) is multithread-safe... yes
checking whether imported symbols can be declared weak... (cached) no
checking whether locale.h defines locale_t... yes
checking whether locale.h conforms to POSIX:2001... yes
checking whether struct lconv is properly defined... yes
checking whether memrchr is declared... no
checking whether strnlen is declared... yes
checking for alloca as a compiler built-in... yes
checking whether to enable assertions... yes
checking for __builtin_expect... yes
checking whether calloc (0, n) and calloc (n, 0) return nonnull... yes
checking for library containing clock_gettime... none required
checking for clock_gettime... yes
checking for clock_settime... yes
checking whether // is distinct from /... (cached) no
checking whether dup2 works... yes
checking for error_at_line... no
checking whether fcntl handles F_DUPFD correctly... yes
checking whether fcntl understands F_DUPFD_CLOEXEC... yes
checking whether conversion from 'int' to 'long double' works... yes
checking whether fopen recognizes a trailing slash... yes
checking whether fopen supports the mode character 'x'... yes
checking whether fopen supports the mode character 'e'... no
checking for __fpending... no
checking for nl_langinfo... (cached) yes
checking for ptrdiff_t... (cached) yes
checking whether free is known to preserve errno... no
checking whether frexp works... yes
checking whether frexpl is declared... yes
checking whether frexpl() can be used without linking with libm... yes
checking whether frexpl works... yes
checking whether getcwd handles long file names properly... yes
checking for getpagesize... yes
checking whether getcwd succeeds when 4k < cwd_length < 16k... yes
checking whether gethrtime is declared... no
checking whether CLOCK_MONOTONIC or CLOCK_REALTIME is defined... yes
checking whether program_invocation_name is declared... no
checking whether program_invocation_short_name is declared... no
checking whether __argv is declared... no
checking whether __progname is defined in default libraries... yes
checking for gettimeofday with POSIX signature... yes
checking whether the compiler generally respects inline... yes
checking whether isnan macro works... yes
checking whether isnan(double) can be used without linking with libm... (cached) yes
checking whether isnan(double) can be used without linking with libm... (cached) yes
checking whether isnan(float) can be used without linking with libm... (cached) yes
checking whether isnan(float) works... (cached) yes
checking whether isnan(long double) can be used without linking with libm... (cached) yes
checking whether isnanl works... (cached) yes
checking whether isnan(long double) can be used without linking with libm... (cached) yes
checking whether isnanl works... (cached) yes
checking whether iswblank is declared... yes
checking whether iswdigit is ISO C compliant... yes
checking whether iswxdigit is ISO C compliant... yes
checking whether ldexpl is declared... yes
checking whether ldexpl() can be used without linking with libm... yes
checking whether ldexpl works... yes
checking whether the compiler supports the __inline keyword... yes
checking for pthread_rwlock_t... yes
checking whether pthread_rwlock_rdlock prefers a writer to a reader... yes
checking whether malloc (0) returns nonnull... (cached) yes
checking whether mbrtowc handles incomplete characters... yes
checking whether mbrtowc works as well as mbtowc... yes
checking whether mbrtowc handles a NULL pwc argument... yes
checking whether mbrtowc handles a NULL string argument... yes
checking whether mbrtowc has a correct return value... yes
checking whether mbrtowc returns 0 when parsing a NUL character... yes
checking whether mbrtowc stores incomplete characters... no
checking whether mbrtowc works on empty input... yes
checking whether the C locale is free of encoding errors... yes
checking whether mbrtowc handles incomplete characters... (cached) yes
checking whether mbrtowc works as well as mbtowc... (cached) yes
checking whether mbswidth is declared in <wchar.h>... no
checking for mbstate_t... (cached) yes
checking for mempcpy... (cached) no
checking for obstacks that work with any size object... no
checking whether open recognizes a trailing slash... yes
checking whether perror matches strerror... yes
checking whether frexp works... (cached) yes
checking whether ldexp can be used without linking with libm... (cached) yes
checking whether frexpl() can be used without linking with libm... (cached) yes
checking whether frexpl works... (cached) yes
checking whether frexpl is declared... (cached) yes
checking whether ldexpl() can be used without linking with libm... (cached) yes
checking whether ldexpl works... (cached) yes
checking whether ldexpl is declared... (cached) yes
checking whether program_invocation_name is declared... (cached) no
checking whether program_invocation_short_name is declared... (cached) no
checking for raise... yes
checking for sigprocmask... yes
checking for rawmemchr... no
checking for readline... yes
checking how to link with libreadline... -lreadline
checking for readline/readline.h... yes
checking for readline/history.h... yes
checking whether readlink signature is correct... yes
checking whether readlink handles trailing slash correctly... yes
checking whether readlink truncates results correctly... yes
checking whether realloc (0, 0) returns nonnull... yes
checking for reallocarray... no
checking for getcwd... (cached) yes
checking whether free is known to preserve errno... (cached) no
checking for mempcpy... (cached) no
checking for rawmemchr... (cached) no
checking for search.h... yes
checking for tsearch... yes
checking whether rename honors trailing slash on destination... yes
checking whether rename honors trailing slash on source... yes
checking whether rename manages hard links correctly... yes
checking whether rename manages existing destinations correctly... yes
checking for struct sigaction.sa_sigaction... yes
checking for signbit macro... yes
checking for signbit compiler built-ins... yes
checking for sigprocmask... (cached) yes
checking for stdint.h... (cached) yes
checking for SIZE_MAX... yes
checking for snprintf... (cached) yes
checking whether snprintf respects a size of 1... yes
checking whether printf supports POSIX/XSI format strings with positions... (cached) yes
checking for snprintf... (cached) yes
checking whether snprintf fully supports the 'n' directive... no
checking whether snprintf respects a size of 1... (cached) yes
checking whether vsnprintf respects a zero size as in C99... yes
checking for nl_langinfo... (cached) yes
checking for ptrdiff_t... (cached) yes
checking for nl_langinfo... (cached) yes
checking for ptrdiff_t... (cached) yes
checking for ssize_t... yes
checking whether stat handles trailing slashes on files... yes
checking for working stdalign.h... yes
checking for stpcpy... yes
checking for working stpncpy... yes
checking for working strndup... yes
checking whether strtod obeys C99... yes
checking for strverscmp... no
checking for sys/single_threaded.h... no
checking whether unlink honors trailing slashes... yes
checking whether unlink of a parent directory fails as it should... yes
checking for unsetenv... yes
checking for unsetenv() return type... int
checking whether unsetenv obeys POSIX... yes
checking for ptrdiff_t... (cached) yes
checking for vasprintf... yes
checking for vasprintf... (cached) yes
checking for nl_langinfo... (cached) yes
checking for ptrdiff_t... (cached) yes
checking for vsnprintf... yes
checking whether snprintf respects a size of 1... (cached) yes
checking whether printf supports POSIX/XSI format strings with positions... (cached) yes
checking for vsnprintf... (cached) yes
checking whether snprintf fully supports the 'n' directive... (cached) no
checking whether snprintf respects a size of 1... (cached) yes
checking whether vsnprintf respects a zero size as in C99... (cached) yes
checking for nl_langinfo... (cached) yes
checking for ptrdiff_t... (cached) yes
checking for nl_langinfo... (cached) yes
checking for ptrdiff_t... (cached) yes
checking for waitid... yes
checking whether wcwidth is declared... yes
checking whether wcwidth works reasonably in UTF-8 locales... yes
checking whether use of TIOCGWINSZ requires sys/ioctl.h... no
checking whether use of TIOCGWINSZ requires termios.h... (cached) yes
checking whether use of struct winsize requires sys/ptem.h... no
checking for stdint.h... (cached) yes
checking for paths.h... yes
checking for confstr... yes
checking for sched_setparam... no
checking for sched_setscheduler... no
checking for setegid... yes
checking for seteuid... yes
checking for vfork... yes
checking for strchrnul... yes
checking whether strchrnul works... yes
checking whether getdtablesize works... yes
checking for nl_langinfo... (cached) yes
checking for ptrdiff_t... (cached) yes
checking whether NLS is requested... yes
checking for msgfmt... /opt/homebrew/bin/msgfmt
checking for gmsgfmt... /opt/homebrew/bin/msgfmt
checking for xgettext... /opt/homebrew/bin/xgettext
checking for msgmerge... /opt/homebrew/bin/msgmerge
checking for CFPreferencesCopyAppValue... yes
checking for CFLocaleCopyCurrent... yes
checking for GNU gettext in libc... no
checking for iconv... (cached) yes
checking for working iconv... (cached) yes
checking how to link with libiconv... -liconv
checking for GNU gettext in libintl... no
checking whether to use NLS... no
checking for valgrind... no
checking Valgrind suppression file... 
checking that generated files are newer than configure... done
configure: creating ./config.status
config.status: creating src/yacc
config.status: creating javacomp.sh
config.status: creating javaexec.sh
config.status: creating gnulib-po/Makefile.in
config.status: creating runtime-po/Makefile.in
config.status: creating etc/bench.pl
config.status: creating tests/atlocal
config.status: creating tests/bison
config.status: creating Makefile
config.status: creating po/Makefile.in
config.status: creating doc/yacc.1
config.status: creating lib/config.h
config.status: executing depfiles commands
config.status: executing po-directories commands
config.status: creating gnulib-po/POTFILES
config.status: creating gnulib-po/Makefile
config.status: creating runtime-po/POTFILES
config.status: creating runtime-po/Makefile
config.status: creating po/POTFILES
config.status: creating po/Makefile
config.status: executing tests/atconfig commands
  GEN      lib/fcntl.h
  GEN      lib/alloca.h
  GEN      lib/iconv.h
  GEN      lib/inttypes.h
  GEN      lib/configmake.h
  GEN      lib/getopt-cdefs.h
  GEN      lib/getopt.h
  GEN      lib/textstyle.h
  GEN      lib/signal.h
  GEN      lib/math.h
  GEN      lib/limits.h
  GEN      lib/spawn.h
  GEN      lib/stdio.h
  GEN      lib/stdint.h
  GEN      lib/sched.h
  GEN      lib/stdlib.h
  GEN      lib/string.h
  GEN      lib/sys/ioctl.h
  GEN      lib/sys/resource.h
  GEN      lib/sys/stat.h
  GEN      lib/sys/time.h
  GEN      lib/termios.h
  GEN      lib/sys/times.h
  GEN      lib/sys/wait.h
  GEN      lib/time.h
  GEN      lib/sys/types.h
  GEN      lib/unistd.h
  GEN      lib/wchar.h
  GEN      lib/wctype.h
/Applications/Xcode.app/Contents/Developer/usr/bin/make  all-recursive
Making all in po
make[2]: Nothing to be done for `all'.
Making all in runtime-po
make[2]: Nothing to be done for `all'.
Making all in gnulib-po
make[2]: Nothing to be done for `all'.
Making all in .
  CC       src/bison-AnnotationList.o
  CC       src/bison-InadequacyList.o
  CC       src/bison-assoc.o
  CC       src/bison-Sbitset.o
  CC       src/bison-complain.o
  CC       src/bison-closure.o
  CC       src/bison-conflicts.o
  CC       src/bison-counterexample.o
  CC       src/bison-derivation.o
  CC       src/bison-derives.o
  CC       src/bison-files.o
  CC       src/bison-fixits.o
  CC       src/bison-getargs.o
  CC       src/bison-glyphs.o
  CC       src/bison-gram.o
  CC       src/bison-graphviz.o
  CC       src/bison-ielr.o
  CC       src/bison-lalr.o
  CC       src/bison-location.o
  CC       src/bison-lr0.o
  CC       src/bison-lssi.o
  CC       src/bison-main.o
  CC       src/bison-muscle-tab.o
  CC       src/bison-named-ref.o
  CC       src/bison-nullable.o
  CC       src/bison-output.o
  CC       src/bison-parse-gram.o
  CC       src/bison-parse-simulation.o
  CC       src/bison-print-graph.o
  CC       src/bison-print-xml.o
  CC       src/bison-print.o
  CC       src/bison-reader.o
  CC       src/bison-reduce.o
  CC       src/bison-relation.o
  CC       src/bison-scan-code-c.o
  CC       src/bison-scan-gram-c.o
  CC       src/bison-scan-skel-c.o
  CC       src/bison-state.o
  CC       src/bison-state-item.o
  CC       src/bison-strversion.o
  CC       src/bison-symlist.o
  CC       src/bison-symtab.o
  CC       src/bison-tables.o
  CC       src/bison-uniqstr.o
  CC       lib/libbison_a-allocator.o
  CC       lib/libbison_a-areadlink.o
  CC       lib/libbison_a-argmatch.o
  CC       lib/libbison_a-gl_array_list.o
  CC       lib/libbison_a-basename-lgpl.o
  CC       lib/libbison_a-binary-io.o
  CC       lib/libbison_a-bitrotate.o
  CC       lib/libbison_a-bitset.o
  CC       lib/bitset/libbison_a-array.o
  CC       lib/bitset/libbison_a-stats.o
  CC       lib/bitset/libbison_a-table.o
  CC       lib/bitset/libbison_a-list.o
  CC       lib/bitset/libbison_a-vector.o
  CC       lib/libbison_a-bitsetv.o
  CC       lib/libbison_a-c-ctype.o
  CC       lib/libbison_a-c-strcasecmp.o
  CC       lib/libbison_a-c-strncasecmp.o
  CC       lib/libbison_a-canonicalize.o
  CC       lib/libbison_a-careadlinkat.o
  CC       lib/libbison_a-cloexec.o
  CC       lib/libbison_a-closeout.o
  CC       lib/libbison_a-close-stream.o
  CC       lib/libbison_a-concat-filename.o
  CC       lib/libbison_a-basename.o
  CC       lib/libbison_a-dirname.o
  CC       lib/libbison_a-dirname-lgpl.o
  CC       lib/libbison_a-stripslash.o
  CC       lib/libbison_a-execute.o
  CC       lib/libbison_a-fatal-signal.o
  CC       lib/libbison_a-exitfail.o
  CC       lib/libbison_a-fd-safer-flag.o
  CC       lib/libbison_a-dup-safer-flag.o
  CC       lib/libbison_a-file-set.o
  CC       lib/libbison_a-fopen-safer.o
  CC       lib/libbison_a-findprog-in.o
  CC       lib/libbison_a-fstrcmp.o
  CC       lib/libbison_a-gethrxtime.o
  CC       lib/libbison_a-xtime.o
  CC       lib/libbison_a-getprogname.o
  CC       lib/libbison_a-gettime.o
  CC       lib/libbison_a-hash.o
  CC       lib/libbison_a-gl_hash_map.o
  CC       lib/libbison_a-hash-pjw.o
  CC       lib/libbison_a-hash-triple-simple.o
  CC       lib/libbison_a-ialloc.o
  CC       lib/libbison_a-integer_length.o
  CC       lib/libbison_a-integer_length_l.o
  CC       lib/libbison_a-gl_linked_list.o
  CC       lib/libbison_a-localcharset.o
  CC       lib/libbison_a-gl_list.o
  CC       lib/glthread/libbison_a-lock.o
  CC       lib/libbison_a-math.o
  CC       lib/libbison_a-mbchar.o
  CC       lib/libbison_a-gl_map.o
  CC       lib/libbison_a-mbfile.o
  CC       lib/libbison_a-mbswidth.o
  CC       lib/libbison_a-gl_oset.o
  CC       lib/libbison_a-pipe2.o
  CC       lib/libbison_a-pipe2-safer.o
  CC       lib/libbison_a-printf-frexp.o
  CC       lib/libbison_a-printf-frexpl.o
  CC       lib/libbison_a-progname.o
  CC       lib/libbison_a-quotearg.o
  CC       lib/libbison_a-gl_rbtree_oset.o
  CC       lib/libbison_a-gl_rbtreehash_list.o
  CC       lib/malloc/libbison_a-scratch_buffer_grow.o
  CC       lib/malloc/libbison_a-scratch_buffer_dupfree.o
  CC       lib/malloc/libbison_a-scratch_buffer_grow_preserve.o
  CC       lib/malloc/libbison_a-scratch_buffer_set_array_size.o
  CC       lib/libbison_a-sig-handler.o
  CC       lib/libbison_a-spawn-pipe.o
  CC       lib/glthread/libbison_a-threadlib.o
  CC       lib/libbison_a-timespec.o
  CC       lib/libbison_a-timevar.o
  CC       lib/glthread/libbison_a-tls.o
  CC       lib/libbison_a-unicodeio.o
  CC       lib/libbison_a-unistd.o
  CC       lib/libbison_a-dup-safer.o
  CC       lib/libbison_a-fd-safer.o
  CC       lib/libbison_a-pipe-safer.o
  CC       lib/unistr/libbison_a-u8-mbtoucr.o
  CC       lib/unistr/libbison_a-u8-uctomb.o
  CC       lib/unistr/libbison_a-u8-uctomb-aux.o
  CC       lib/uniwidth/libbison_a-width.o
  CC       lib/libbison_a-wait-process.o
  CC       lib/libbison_a-wctype-h.o
  CC       lib/libbison_a-xalloc-die.o
  CC       lib/libbison_a-xmalloc.o
  CC       lib/libbison_a-xconcat-filename.o
  CC       lib/libbison_a-xhash.o
  CC       lib/libbison_a-gl_xlist.o
  CC       lib/libbison_a-gl_xmap.o
  CC       lib/libbison_a-xmemdup0.o
  CC       lib/libbison_a-xreadlink.o
  CC       lib/libbison_a-xstrndup.o
  CC       lib/libbison_a-xsize.o
  CC       lib/libbison_a-get-errno.o
  CC       lib/libbison_a-path-join.o
  CC       lib/libbison_a-asnprintf.o
  CC       lib/libbison_a-asprintf.o
  CC       lib/libbison_a-error.o
  CC       lib/libbison_a-fopen.o
  CC       lib/libbison_a-canonicalize-lgpl.o
  CC       lib/libbison_a-fprintf.o
  CC       lib/libbison_a-fpending.o
  CC       lib/libbison_a-free.o
  CC       lib/libbison_a-fseterr.o
  CC       lib/libbison_a-getopt.o
  CC       lib/libbison_a-getopt1.o
  CC       lib/libbison_a-mempcpy.o
  CC       lib/libbison_a-obstack.o
  CC       lib/libbison_a-obstack_printf.o
  CC       lib/libbison_a-perror.o
  CC       lib/libbison_a-printf.o
  CC       lib/libbison_a-printf-args.o
  CC       lib/libbison_a-printf-parse.o
  CC       lib/libbison_a-rawmemchr.o
  CC       lib/libbison_a-reallocarray.o
  CC       lib/libbison_a-snprintf.o
  CC       lib/libbison_a-spawn.o
  CC       lib/libbison_a-spawn_faction_addchdir.o
  CC       lib/libbison_a-spawn_faction_addclose.o
  CC       lib/libbison_a-spawn_faction_adddup2.o
  CC       lib/libbison_a-spawn_faction_addopen.o
  CC       lib/libbison_a-spawn_faction_destroy.o
  CC       lib/libbison_a-spawn_faction_init.o
  CC       lib/libbison_a-spawnattr_init.o
  CC       lib/libbison_a-spawnattr_destroy.o
  CC       lib/libbison_a-spawnattr_setflags.o
  CC       lib/libbison_a-spawnattr_setpgroup.o
  CC       lib/libbison_a-spawnattr_setsigmask.o
  CC       lib/libbison_a-spawnp.o
  CC       lib/libbison_a-spawni.o
  CC       lib/libbison_a-sprintf.o
  CC       lib/libbison_a-strerror.o
  CC       lib/libbison_a-strerror-override.o
lib/spawni.c:752:15: warning: 'vfork' is deprecated: Use posix_spawn or fork [-Wdeprecated-declarations]
  752 |     new_pid = vfork ();
      |               ^
/Applications/Xcode.app/Contents/Developer/Platforms/MacOSX.platform/Developer/SDKs/MacOSX.sdk/usr/include/unistd.h:618:1: note: 'vfork' has been explicitly marked deprecated here
  618 | __deprecated_msg("Use posix_spawn or fork")
      | ^
/Applications/Xcode.app/Contents/Developer/Platforms/MacOSX.platform/Developer/SDKs/MacOSX.sdk/usr/include/sys/cdefs.h:227:48: note: expanded from macro '__deprecated_msg'
  227 |         #define __deprecated_msg(_msg) __attribute__((__deprecated__(_msg)))
      |                                                       ^
lib/strerror.c:59:7: warning: 'sprintf' is deprecated: This function is provided for compatibility reasons only.  Due to security concerns inherent in the design of sprintf(3), it is highly recommended that you use snprintf(3) instead. [-Wdeprecated-declarations]
   59 |       sprintf (buf, fmt, n);
      |       ^
/Applications/Xcode.app/Contents/Developer/Platforms/MacOSX.platform/Developer/SDKs/MacOSX.sdk/usr/include/_stdio.h:278:1: note: 'sprintf' has been explicitly marked deprecated here
  278 | __deprecated_msg("This function is provided for compatibility reasons only.  Due to security concerns inherent in the design of sprintf(3), it is highly recommended that you use snprintf(3) instead.")
      | ^
/Applications/Xcode.app/Contents/Developer/Platforms/MacOSX.platform/Developer/SDKs/MacOSX.sdk/usr/include/sys/cdefs.h:227:48: note: expanded from macro '__deprecated_msg'
  227 |         #define __deprecated_msg(_msg) __attribute__((__deprecated__(_msg)))
      |                                                       ^
  CC       lib/libbison_a-strverscmp.o
  CC       lib/libbison_a-strerror_r.o
1 warning generated.
  CC       lib/libbison_a-vasnprintf.o
  CC       lib/libbison_a-vasprintf.o
  CC       lib/libbison_a-vfprintf.o
  CC       lib/libbison_a-vsnprintf.o
1 warning generated.
  CC       lib/libbison_a-vsprintf.o
  CC       lib/main.o
  CC       lib/yyerror.o
lib/vasnprintf.c:3437:35: warning: 'sprintf' is deprecated: This function is provided for compatibility reasons only.  Due to security concerns inherent in the design of sprintf(3), it is highly recommended that you use snprintf(3) instead. [-Wdeprecated-declarations]
 3437 |                                   sprintf ((char *) p, "%+d", exponent);
      |                                   ^
/Applications/Xcode.app/Contents/Developer/Platforms/MacOSX.platform/Developer/SDKs/MacOSX.sdk/usr/include/_stdio.h:278:1: note: 'sprintf' has been explicitly marked deprecated here
  278 | __deprecated_msg("This function is provided for compatibility reasons only.  Due to security concerns inherent in the design of sprintf(3), it is highly recommended that you use snprintf(3) instead.")
      | ^
/Applications/Xcode.app/Contents/Developer/Platforms/MacOSX.platform/Developer/SDKs/MacOSX.sdk/usr/include/sys/cdefs.h:227:48: note: expanded from macro '__deprecated_msg'
  227 |         #define __deprecated_msg(_msg) __attribute__((__deprecated__(_msg)))
      |                                                       ^
lib/vasnprintf.c:3445:35: warning: 'sprintf' is deprecated: This function is provided for compatibility reasons only.  Due to security concerns inherent in the design of sprintf(3), it is highly recommended that you use snprintf(3) instead. [-Wdeprecated-declarations]
 3445 |                                   sprintf (expbuf, "%+d", exponent);
      |                                   ^
/Applications/Xcode.app/Contents/Developer/Platforms/MacOSX.platform/Developer/SDKs/MacOSX.sdk/usr/include/_stdio.h:278:1: note: 'sprintf' has been explicitly marked deprecated here
  278 | __deprecated_msg("This function is provided for compatibility reasons only.  Due to security concerns inherent in the design of sprintf(3), it is highly recommended that you use snprintf(3) instead.")
      | ^
/Applications/Xcode.app/Contents/Developer/Platforms/MacOSX.platform/Developer/SDKs/MacOSX.sdk/usr/include/sys/cdefs.h:227:48: note: expanded from macro '__deprecated_msg'
  227 |         #define __deprecated_msg(_msg) __attribute__((__deprecated__(_msg)))
      |                                                       ^
lib/vasnprintf.c:3588:35: warning: 'sprintf' is deprecated: This function is provided for compatibility reasons only.  Due to security concerns inherent in the design of sprintf(3), it is highly recommended that you use snprintf(3) instead. [-Wdeprecated-declarations]
 3588 |                                   sprintf ((char *) p, "%+d", exponent);
      |                                   ^
/Applications/Xcode.app/Contents/Developer/Platforms/MacOSX.platform/Developer/SDKs/MacOSX.sdk/usr/include/_stdio.h:278:1: note: 'sprintf' has been explicitly marked deprecated here
  278 | __deprecated_msg("This function is provided for compatibility reasons only.  Due to security concerns inherent in the design of sprintf(3), it is highly recommended that you use snprintf(3) instead.")
      | ^
/Applications/Xcode.app/Contents/Developer/Platforms/MacOSX.platform/Developer/SDKs/MacOSX.sdk/usr/include/sys/cdefs.h:227:48: note: expanded from macro '__deprecated_msg'
  227 |         #define __deprecated_msg(_msg) __attribute__((__deprecated__(_msg)))
      |                                                       ^
lib/vasnprintf.c:3596:35: warning: 'sprintf' is deprecated: This function is provided for compatibility reasons only.  Due to security concerns inherent in the design of sprintf(3), it is highly recommended that you use snprintf(3) instead. [-Wdeprecated-declarations]
 3596 |                                   sprintf (expbuf, "%+d", exponent);
      |                                   ^
/Applications/Xcode.app/Contents/Developer/Platforms/MacOSX.platform/Developer/SDKs/MacOSX.sdk/usr/include/_stdio.h:278:1: note: 'sprintf' has been explicitly marked deprecated here
  278 | __deprecated_msg("This function is provided for compatibility reasons only.  Due to security concerns inherent in the design of sprintf(3), it is highly recommended that you use snprintf(3) instead.")
      | ^
/Applications/Xcode.app/Contents/Developer/Platforms/MacOSX.platform/Developer/SDKs/MacOSX.sdk/usr/include/sys/cdefs.h:227:48: note: expanded from macro '__deprecated_msg'
  227 |         #define __deprecated_msg(_msg) __attribute__((__deprecated__(_msg)))
      |                                                       ^
lib/vasnprintf.c:4048:37: warning: 'sprintf' is deprecated: This function is provided for compatibility reasons only.  Due to security concerns inherent in the design of sprintf(3), it is highly recommended that you use snprintf(3) instead. [-Wdeprecated-declarations]
 4048 |                                     sprintf ((char *) p, "%+.2d", exponent);
      |                                     ^
/Applications/Xcode.app/Contents/Developer/Platforms/MacOSX.platform/Developer/SDKs/MacOSX.sdk/usr/include/_stdio.h:278:1: note: 'sprintf' has been explicitly marked deprecated here
  278 | __deprecated_msg("This function is provided for compatibility reasons only.  Due to security concerns inherent in the design of sprintf(3), it is highly recommended that you use snprintf(3) instead.")
      | ^
/Applications/Xcode.app/Contents/Developer/Platforms/MacOSX.platform/Developer/SDKs/MacOSX.sdk/usr/include/sys/cdefs.h:227:48: note: expanded from macro '__deprecated_msg'
  227 |         #define __deprecated_msg(_msg) __attribute__((__deprecated__(_msg)))
      |                                                       ^
lib/vasnprintf.c:4056:37: warning: 'sprintf' is deprecated: This function is provided for compatibility reasons only.  Due to security concerns inherent in the design of sprintf(3), it is highly recommended that you use snprintf(3) instead. [-Wdeprecated-declarations]
 4056 |                                     sprintf (expbuf, "%+.2d", exponent);
      |                                     ^
/Applications/Xcode.app/Contents/Developer/Platforms/MacOSX.platform/Developer/SDKs/MacOSX.sdk/usr/include/_stdio.h:278:1: note: 'sprintf' has been explicitly marked deprecated here
  278 | __deprecated_msg("This function is provided for compatibility reasons only.  Due to security concerns inherent in the design of sprintf(3), it is highly recommended that you use snprintf(3) instead.")
      | ^
/Applications/Xcode.app/Contents/Developer/Platforms/MacOSX.platform/Developer/SDKs/MacOSX.sdk/usr/include/sys/cdefs.h:227:48: note: expanded from macro '__deprecated_msg'
  227 |         #define __deprecated_msg(_msg) __attribute__((__deprecated__(_msg)))
      |                                                       ^
lib/vasnprintf.c:4229:45: warning: 'sprintf' is deprecated: This function is provided for compatibility reasons only.  Due to security concerns inherent in the design of sprintf(3), it is highly recommended that you use snprintf(3) instead. [-Wdeprecated-declarations]
 4229 |                                             sprintf ((char *) p, "%+.2d", exponent);
      |                                             ^
/Applications/Xcode.app/Contents/Developer/Platforms/MacOSX.platform/Developer/SDKs/MacOSX.sdk/usr/include/_stdio.h:278:1: note: 'sprintf' has been explicitly marked deprecated here
  278 | __deprecated_msg("This function is provided for compatibility reasons only.  Due to security concerns inherent in the design of sprintf(3), it is highly recommended that you use snprintf(3) instead.")
      | ^
/Applications/Xcode.app/Contents/Developer/Platforms/MacOSX.platform/Developer/SDKs/MacOSX.sdk/usr/include/sys/cdefs.h:227:48: note: expanded from macro '__deprecated_msg'
  227 |         #define __deprecated_msg(_msg) __attribute__((__deprecated__(_msg)))
      |                                                       ^
lib/vasnprintf.c:4237:45: warning: 'sprintf' is deprecated: This function is provided for compatibility reasons only.  Due to security concerns inherent in the design of sprintf(3), it is highly recommended that you use snprintf(3) instead. [-Wdeprecated-declarations]
 4237 |                                             sprintf (expbuf, "%+.2d", exponent);
      |                                             ^
/Applications/Xcode.app/Contents/Developer/Platforms/MacOSX.platform/Developer/SDKs/MacOSX.sdk/usr/include/_stdio.h:278:1: note: 'sprintf' has been explicitly marked deprecated here
  278 | __deprecated_msg("This function is provided for compatibility reasons only.  Due to security concerns inherent in the design of sprintf(3), it is highly recommended that you use snprintf(3) instead.")
      | ^
/Applications/Xcode.app/Contents/Developer/Platforms/MacOSX.platform/Developer/SDKs/MacOSX.sdk/usr/include/sys/cdefs.h:227:48: note: expanded from macro '__deprecated_msg'
  227 |         #define __deprecated_msg(_msg) __attribute__((__deprecated__(_msg)))
      |                                                       ^
lib/vasnprintf.c:4521:39: warning: 'sprintf' is deprecated: This function is provided for compatibility reasons only.  Due to security concerns inherent in the design of sprintf(3), it is highly recommended that you use snprintf(3) instead. [-Wdeprecated-declarations]
 4521 |                                       sprintf ((char *) p, decimal_format, exponent);
      |                                       ^
/Applications/Xcode.app/Contents/Developer/Platforms/MacOSX.platform/Developer/SDKs/MacOSX.sdk/usr/include/_stdio.h:278:1: note: 'sprintf' has been explicitly marked deprecated here
  278 | __deprecated_msg("This function is provided for compatibility reasons only.  Due to security concerns inherent in the design of sprintf(3), it is highly recommended that you use snprintf(3) instead.")
      | ^
/Applications/Xcode.app/Contents/Developer/Platforms/MacOSX.platform/Developer/SDKs/MacOSX.sdk/usr/include/sys/cdefs.h:227:48: note: expanded from macro '__deprecated_msg'
  227 |         #define __deprecated_msg(_msg) __attribute__((__deprecated__(_msg)))
      |                                                       ^
lib/vasnprintf.c:4529:39: warning: 'sprintf' is deprecated: This function is provided for compatibility reasons only.  Due to security concerns inherent in the design of sprintf(3), it is highly recommended that you use snprintf(3) instead. [-Wdeprecated-declarations]
 4529 |                                       sprintf (expbuf, decimal_format, exponent);
      |                                       ^
/Applications/Xcode.app/Contents/Developer/Platforms/MacOSX.platform/Developer/SDKs/MacOSX.sdk/usr/include/_stdio.h:278:1: note: 'sprintf' has been explicitly marked deprecated here
  278 | __deprecated_msg("This function is provided for compatibility reasons only.  Due to security concerns inherent in the design of sprintf(3), it is highly recommended that you use snprintf(3) instead.")
      | ^
/Applications/Xcode.app/Contents/Developer/Platforms/MacOSX.platform/Developer/SDKs/MacOSX.sdk/usr/include/sys/cdefs.h:227:48: note: expanded from macro '__deprecated_msg'
  227 |         #define __deprecated_msg(_msg) __attribute__((__deprecated__(_msg)))
      |                                                       ^
lib/vasnprintf.c:4714:47: warning: 'sprintf' is deprecated: This function is provided for compatibility reasons only.  Due to security concerns inherent in the design of sprintf(3), it is highly recommended that you use snprintf(3) instead. [-Wdeprecated-declarations]
 4714 |                                               sprintf ((char *) p, decimal_format, exponent);
      |                                               ^
/Applications/Xcode.app/Contents/Developer/Platforms/MacOSX.platform/Developer/SDKs/MacOSX.sdk/usr/include/_stdio.h:278:1: note: 'sprintf' has been explicitly marked deprecated here
  278 | __deprecated_msg("This function is provided for compatibility reasons only.  Due to security concerns inherent in the design of sprintf(3), it is highly recommended that you use snprintf(3) instead.")
      | ^
/Applications/Xcode.app/Contents/Developer/Platforms/MacOSX.platform/Developer/SDKs/MacOSX.sdk/usr/include/sys/cdefs.h:227:48: note: expanded from macro '__deprecated_msg'
  227 |         #define __deprecated_msg(_msg) __attribute__((__deprecated__(_msg)))
      |                                                       ^
lib/vasnprintf.c:4722:47: warning: 'sprintf' is deprecated: This function is provided for compatibility reasons only.  Due to security concerns inherent in the design of sprintf(3), it is highly recommended that you use snprintf(3) instead. [-Wdeprecated-declarations]
 4722 |                                               sprintf (expbuf, decimal_format, exponent);
      |                                               ^
/Applications/Xcode.app/Contents/Developer/Platforms/MacOSX.platform/Developer/SDKs/MacOSX.sdk/usr/include/_stdio.h:278:1: note: 'sprintf' has been explicitly marked deprecated here
  278 | __deprecated_msg("This function is provided for compatibility reasons only.  Due to security concerns inherent in the design of sprintf(3), it is highly recommended that you use snprintf(3) instead.")
      | ^
/Applications/Xcode.app/Contents/Developer/Platforms/MacOSX.platform/Developer/SDKs/MacOSX.sdk/usr/include/sys/cdefs.h:227:48: note: expanded from macro '__deprecated_msg'
  227 |         #define __deprecated_msg(_msg) __attribute__((__deprecated__(_msg)))
      |                                                       ^
  AR       lib/liby.a
12 warnings generated.
  AR       lib/libbison.a
  CCLD     src/bison
  GEN      doc/bison.help
/Applications/Xcode.app/Contents/Developer/usr/bin/make  install-recursive
Making install in po
if test "bison" = "gettext-tools"; then \
	  .././build-aux/install-sh -c -d /private/tmp/gptk4-build-tools/share/gettext/po; \
	  for file in Makefile.in.in remove-potcdate.sin quot.sed boldquot.sed en@quot.header en@boldquot.header insert-header.sin Rules-quot   Makevars.template; do \
	    /usr/bin/install -c -m 644 ./$file \
			    /private/tmp/gptk4-build-tools/share/gettext/po/$file; \
	  done; \
	  for file in Makevars; do \
	    rm -f /private/tmp/gptk4-build-tools/share/gettext/po/$file; \
	  done; \
	else \
	  : ; \
	fi
Making install in runtime-po
if test "bison" = "gettext-tools"; then \
	  .././build-aux/install-sh -c -d /private/tmp/gptk4-build-tools/share/gettext/po; \
	  for file in Makefile.in.in remove-potcdate.sin quot.sed boldquot.sed en@quot.header en@boldquot.header insert-header.sin Rules-quot   Makevars.template; do \
	    /usr/bin/install -c -m 644 ./$file \
			    /private/tmp/gptk4-build-tools/share/gettext/po/$file; \
	  done; \
	  for file in Makevars; do \
	    rm -f /private/tmp/gptk4-build-tools/share/gettext/po/$file; \
	  done; \
	else \
	  : ; \
	fi
Making install in gnulib-po
if test "bison" = "gettext-tools"; then \
	  .././build-aux/install-sh -c -d /private/tmp/gptk4-build-tools/share/gettext/po; \
	  for file in Makefile.in.in remove-potcdate.sin quot.sed boldquot.sed en@quot.header en@boldquot.header insert-header.sin Rules-quot   Makevars.template; do \
	    /usr/bin/install -c -m 644 ./$file \
			    /private/tmp/gptk4-build-tools/share/gettext/po/$file; \
	  done; \
	  for file in Makevars; do \
	    rm -f /private/tmp/gptk4-build-tools/share/gettext/po/$file; \
	  done; \
	else \
	  : ; \
	fi
Making install in .
  GEN      doc/bison.help
 ./build-aux/install-sh -c -d '/private/tmp/gptk4-build-tools/bin'
  /usr/bin/install -c src/bison '/private/tmp/gptk4-build-tools/bin'
 ./build-aux/install-sh -c -d '/private/tmp/gptk4-build-tools/lib'
 /usr/bin/install -c -m 644  lib/liby.a '/private/tmp/gptk4-build-tools/lib'
 ( cd '/private/tmp/gptk4-build-tools/lib' && ranlib liby.a )
 ./build-aux/install-sh -c -d '/private/tmp/gptk4-build-tools/bin'
 /usr/bin/install -c src/yacc '/private/tmp/gptk4-build-tools/bin'
 ./build-aux/install-sh -c -d '/private/tmp/gptk4-build-tools/share/aclocal'
 /usr/bin/install -c -m 644 m4/bison-i18n.m4 '/private/tmp/gptk4-build-tools/share/aclocal'
 ./build-aux/install-sh -c -d '/private/tmp/gptk4-build-tools/share/doc/bison/examples/c++/calc++'
 /usr/bin/install -c -m 644 examples/c++/calc++/driver.cc examples/c++/calc++/driver.hh examples/c++/calc++/scanner.ll examples/c++/calc++/calc++.cc examples/c++/calc++/parser.yy '/private/tmp/gptk4-build-tools/share/doc/bison/examples/c++/calc++'
 ./build-aux/install-sh -c -d '/private/tmp/gptk4-build-tools/share/doc/bison/examples/c++'
 /usr/bin/install -c -m 644 examples/c++/simple.yy '/private/tmp/gptk4-build-tools/share/doc/bison/examples/c++'
 ./build-aux/install-sh -c -d '/private/tmp/gptk4-build-tools/share/doc/bison/examples/c/bistromathic'
 /usr/bin/install -c -m 644 examples/c/bistromathic/parse.y examples/c/bistromathic/Makefile examples/c/bistromathic/README.md '/private/tmp/gptk4-build-tools/share/doc/bison/examples/c/bistromathic'
 ./build-aux/install-sh -c -d '/private/tmp/gptk4-build-tools/share/doc/bison/examples/c'
 /usr/bin/install -c -m 644 examples/c/README.md '/private/tmp/gptk4-build-tools/share/doc/bison/examples/c'
 ./build-aux/install-sh -c -d '/private/tmp/gptk4-build-tools/share/doc/bison/examples/c/calc'
 /usr/bin/install -c -m 644 examples/c/calc/calc.y examples/c/calc/Makefile examples/c/calc/README.md '/private/tmp/gptk4-build-tools/share/doc/bison/examples/c/calc'
 ./build-aux/install-sh -c -d '/private/tmp/gptk4-build-tools/share/doc/bison/examples/d/calc'
 /usr/bin/install -c -m 644 examples/d/calc/calc.y examples/d/calc/Makefile '/private/tmp/gptk4-build-tools/share/doc/bison/examples/d/calc'
 ./build-aux/install-sh -c -d '/private/tmp/gptk4-build-tools/share/doc/bison/examples/c++/calc++'
 /usr/bin/install -c -m 644 examples/c++/calc++/README.md examples/c++/calc++/Makefile '/private/tmp/gptk4-build-tools/share/doc/bison/examples/c++/calc++'
 ./build-aux/install-sh -c -d '/private/tmp/gptk4-build-tools/share/doc/bison/examples/c++'
 /usr/bin/install -c -m 644 examples/c++/README.md examples/c++/Makefile examples/c++/variant.yy examples/c++/variant-11.yy '/private/tmp/gptk4-build-tools/share/doc/bison/examples/c++'
 ./build-aux/install-sh -c -d '/private/tmp/gptk4-build-tools/share/doc/bison/examples/d'
 /usr/bin/install -c -m 644 examples/d/README.md '/private/tmp/gptk4-build-tools/share/doc/bison/examples/d'
 ./build-aux/install-sh -c -d '/private/tmp/gptk4-build-tools/share/doc/bison'
 /usr/bin/install -c -m 644 AUTHORS COPYING NEWS README THANKS TODO '/private/tmp/gptk4-build-tools/share/doc/bison'
 ./build-aux/install-sh -c -d '/private/tmp/gptk4-build-tools/share/doc/bison/examples'
 /usr/bin/install -c -m 644 examples/README.md '/private/tmp/gptk4-build-tools/share/doc/bison/examples'
 ./build-aux/install-sh -c -d '/private/tmp/gptk4-build-tools/share/doc/bison/examples/c/glr'
 /usr/bin/install -c -m 644 examples/c/glr/c++-types.y examples/c/glr/Makefile examples/c/glr/README.md '/private/tmp/gptk4-build-tools/share/doc/bison/examples/c/glr'
 ./build-aux/install-sh -c -d '/private/tmp/gptk4-build-tools/share/doc/bison/examples/java'
 /usr/bin/install -c -m 644 examples/java/README.md '/private/tmp/gptk4-build-tools/share/doc/bison/examples/java'
 ./build-aux/install-sh -c -d '/private/tmp/gptk4-build-tools/share/doc/bison/examples/java/calc'
 /usr/bin/install -c -m 644 examples/java/calc/Calc.y examples/java/calc/Makefile '/private/tmp/gptk4-build-tools/share/doc/bison/examples/java/calc'
 ./build-aux/install-sh -c -d '/private/tmp/gptk4-build-tools/share/doc/bison/examples/java/simple'
 /usr/bin/install -c -m 644 examples/java/simple/Calc.y examples/java/simple/Makefile '/private/tmp/gptk4-build-tools/share/doc/bison/examples/java/simple'
 ./build-aux/install-sh -c -d '/private/tmp/gptk4-build-tools/share/doc/bison/examples/c/lexcalc'
 /usr/bin/install -c -m 644 examples/c/lexcalc/parse.y examples/c/lexcalc/scan.l examples/c/lexcalc/Makefile examples/c/lexcalc/README.md '/private/tmp/gptk4-build-tools/share/doc/bison/examples/c/lexcalc'
 ./build-aux/install-sh -c -d '/private/tmp/gptk4-build-tools/share/bison/m4sugar'
 /usr/bin/install -c -m 644 data/m4sugar/foreach.m4 data/m4sugar/m4sugar.m4 '/private/tmp/gptk4-build-tools/share/bison/m4sugar'
 ./build-aux/install-sh -c -d '/private/tmp/gptk4-build-tools/share/doc/bison/examples/c/mfcalc'
 /usr/bin/install -c -m 644 examples/c/mfcalc/Makefile '/private/tmp/gptk4-build-tools/share/doc/bison/examples/c/mfcalc'
 ./build-aux/install-sh -c -d '/private/tmp/gptk4-build-tools/share/bison'
 /usr/bin/install -c -m 644 data/README.md data/bison-default.css '/private/tmp/gptk4-build-tools/share/bison'
 ./build-aux/install-sh -c -d '/private/tmp/gptk4-build-tools/share/doc/bison/examples/c/pushcalc'
 /usr/bin/install -c -m 644 examples/c/pushcalc/calc.y examples/c/pushcalc/Makefile examples/c/pushcalc/README.md '/private/tmp/gptk4-build-tools/share/doc/bison/examples/c/pushcalc'
 ./build-aux/install-sh -c -d '/private/tmp/gptk4-build-tools/share/doc/bison/examples/c/reccalc'
 /usr/bin/install -c -m 644 examples/c/reccalc/parse.y examples/c/reccalc/scan.l examples/c/reccalc/Makefile examples/c/reccalc/README.md '/private/tmp/gptk4-build-tools/share/doc/bison/examples/c/reccalc'
 ./build-aux/install-sh -c -d '/private/tmp/gptk4-build-tools/share/doc/bison/examples/c/rpcalc'
 /usr/bin/install -c -m 644 examples/c/rpcalc/Makefile '/private/tmp/gptk4-build-tools/share/doc/bison/examples/c/rpcalc'
 ./build-aux/install-sh -c -d '/private/tmp/gptk4-build-tools/share/doc/bison/examples/d/simple'
 /usr/bin/install -c -m 644 examples/d/simple/calc.y examples/d/simple/Makefile '/private/tmp/gptk4-build-tools/share/doc/bison/examples/d/simple'
 ./build-aux/install-sh -c -d '/private/tmp/gptk4-build-tools/share/bison/skeletons'
 /usr/bin/install -c -m 644 data/skeletons/bison.m4 data/skeletons/c++-skel.m4 data/skeletons/c++.m4 data/skeletons/c-like.m4 data/skeletons/c-skel.m4 data/skeletons/c.m4 data/skeletons/glr.c data/skeletons/glr.cc data/skeletons/glr2.cc data/skeletons/java-skel.m4 data/skeletons/java.m4 data/skeletons/lalr1.cc data/skeletons/lalr1.java data/skeletons/location.cc data/skeletons/stack.hh data/skeletons/traceon.m4 data/skeletons/variant.hh data/skeletons/yacc.c data/skeletons/d-skel.m4 data/skeletons/d.m4 data/skeletons/lalr1.d '/private/tmp/gptk4-build-tools/share/bison/skeletons'
 ./build-aux/install-sh -c -d '/private/tmp/gptk4-build-tools/share/bison/xslt'
 /usr/bin/install -c -m 644 data/xslt/bison.xsl data/xslt/xml2dot.xsl data/xslt/xml2text.xsl data/xslt/xml2xhtml.xsl '/private/tmp/gptk4-build-tools/share/bison/xslt'
  GEN      doc/bison.help
 ./build-aux/install-sh -c -d '/private/tmp/gptk4-build-tools/share/info'
 /usr/bin/install -c -m 644 ./doc/bison.info '/private/tmp/gptk4-build-tools/share/info'
 ./build-aux/install-sh -c -d '/private/tmp/gptk4-build-tools/share/man/man1'
 /usr/bin/install -c -m 644 ./doc/bison.1 doc/yacc.1 '/private/tmp/gptk4-build-tools/share/man/man1'
 ./build-aux/install-sh -c -d '/private/tmp/gptk4-build-tools/share/doc/bison/examples/c/mfcalc'
 /usr/bin/install -c -m 644 examples/c/mfcalc/calc.h examples/c/mfcalc/mfcalc.y '/private/tmp/gptk4-build-tools/share/doc/bison/examples/c/mfcalc'
 ./build-aux/install-sh -c -d '/private/tmp/gptk4-build-tools/share/doc/bison/examples/c/rpcalc'
 /usr/bin/install -c -m 644 examples/c/rpcalc/rpcalc.y '/private/tmp/gptk4-build-tools/share/doc/bison/examples/c/rpcalc'
