config.status: executing Makefile commands
clang -arch x86_64 -m64 -c -o dlls/winemac.drv/clipboard.o /private/tmp/gptk4-wine-source/dlls/winemac.drv/clipboard.c -Idlls/winemac.drv \
  -I/private/tmp/gptk4-wine-source/dlls/winemac.drv -Iinclude \
  -I/private/tmp/gptk4-wine-source/include -D__WINESRC__ -DWINE_UNIX_LIB -Wall -pipe \
  -fcf-protection=none -fvisibility=hidden -fno-stack-protector -fno-strict-aliasing \
  -Wdeclaration-after-statement -Wempty-body -Wignored-qualifiers -Winit-self -Wpointer-arith \
  -Wno-pragma-pack -Wstrict-prototypes -Wtype-limits -Wunused-but-set-parameter -Wvla \
  -Wwrite-strings -gdwarf-4 -fPIC -fasynchronous-unwind-tables -g -O2 -U_FORTIFY_SOURCE -D_FORTIFY_SOURCE=0
clang -arch x86_64 -m64 -c -o dlls/winemac.drv/display.o /private/tmp/gptk4-wine-source/dlls/winemac.drv/display.c -Idlls/winemac.drv \
  -I/private/tmp/gptk4-wine-source/dlls/winemac.drv -Iinclude \
  -I/private/tmp/gptk4-wine-source/include -D__WINESRC__ -DWINE_UNIX_LIB -Wall -pipe \
  -fcf-protection=none -fvisibility=hidden -fno-stack-protector -fno-strict-aliasing \
  -Wdeclaration-after-statement -Wempty-body -Wignored-qualifiers -Winit-self -Wpointer-arith \
  -Wno-pragma-pack -Wstrict-prototypes -Wtype-limits -Wunused-but-set-parameter -Wvla \
  -Wwrite-strings -gdwarf-4 -fPIC -fasynchronous-unwind-tables -g -O2 -U_FORTIFY_SOURCE -D_FORTIFY_SOURCE=0
clang -arch x86_64 -m64 -c -o dlls/winemac.drv/event.o /private/tmp/gptk4-wine-source/dlls/winemac.drv/event.c -Idlls/winemac.drv \
  -I/private/tmp/gptk4-wine-source/dlls/winemac.drv -Iinclude \
  -I/private/tmp/gptk4-wine-source/include -D__WINESRC__ -DWINE_UNIX_LIB -Wall -pipe \
  -fcf-protection=none -fvisibility=hidden -fno-stack-protector -fno-strict-aliasing \
  -Wdeclaration-after-statement -Wempty-body -Wignored-qualifiers -Winit-self -Wpointer-arith \
  -Wno-pragma-pack -Wstrict-prototypes -Wtype-limits -Wunused-but-set-parameter -Wvla \
  -Wwrite-strings -gdwarf-4 -fPIC -fasynchronous-unwind-tables -g -O2 -U_FORTIFY_SOURCE -D_FORTIFY_SOURCE=0
clang -arch x86_64 -m64 -c -o dlls/winemac.drv/gdi.o /private/tmp/gptk4-wine-source/dlls/winemac.drv/gdi.c -Idlls/winemac.drv \
  -I/private/tmp/gptk4-wine-source/dlls/winemac.drv -Iinclude \
  -I/private/tmp/gptk4-wine-source/include -D__WINESRC__ -DWINE_UNIX_LIB -Wall -pipe \
  -fcf-protection=none -fvisibility=hidden -fno-stack-protector -fno-strict-aliasing \
  -Wdeclaration-after-statement -Wempty-body -Wignored-qualifiers -Winit-self -Wpointer-arith \
  -Wno-pragma-pack -Wstrict-prototypes -Wtype-limits -Wunused-but-set-parameter -Wvla \
  -Wwrite-strings -gdwarf-4 -fPIC -fasynchronous-unwind-tables -g -O2 -U_FORTIFY_SOURCE -D_FORTIFY_SOURCE=0
clang -arch x86_64 -m64 -c -o dlls/winemac.drv/image.o /private/tmp/gptk4-wine-source/dlls/winemac.drv/image.c -Idlls/winemac.drv \
  -I/private/tmp/gptk4-wine-source/dlls/winemac.drv -Iinclude \
  -I/private/tmp/gptk4-wine-source/include -D__WINESRC__ -DWINE_UNIX_LIB -Wall -pipe \
  -fcf-protection=none -fvisibility=hidden -fno-stack-protector -fno-strict-aliasing \
  -Wdeclaration-after-statement -Wempty-body -Wignored-qualifiers -Winit-self -Wpointer-arith \
  -Wno-pragma-pack -Wstrict-prototypes -Wtype-limits -Wunused-but-set-parameter -Wvla \
  -Wwrite-strings -gdwarf-4 -fPIC -fasynchronous-unwind-tables -g -O2 -U_FORTIFY_SOURCE -D_FORTIFY_SOURCE=0
clang -arch x86_64 -m64 -c -o dlls/winemac.drv/keyboard.o /private/tmp/gptk4-wine-source/dlls/winemac.drv/keyboard.c -Idlls/winemac.drv \
  -I/private/tmp/gptk4-wine-source/dlls/winemac.drv -Iinclude \
  -I/private/tmp/gptk4-wine-source/include -D__WINESRC__ -DWINE_UNIX_LIB -Wall -pipe \
  -fcf-protection=none -fvisibility=hidden -fno-stack-protector -fno-strict-aliasing \
  -Wdeclaration-after-statement -Wempty-body -Wignored-qualifiers -Winit-self -Wpointer-arith \
  -Wno-pragma-pack -Wstrict-prototypes -Wtype-limits -Wunused-but-set-parameter -Wvla \
  -Wwrite-strings -gdwarf-4 -fPIC -fasynchronous-unwind-tables -g -O2 -U_FORTIFY_SOURCE -D_FORTIFY_SOURCE=0
clang -arch x86_64 -m64 -c -o dlls/winemac.drv/macdrv_main.o /private/tmp/gptk4-wine-source/dlls/winemac.drv/macdrv_main.c -Idlls/winemac.drv \
  -I/private/tmp/gptk4-wine-source/dlls/winemac.drv -Iinclude \
  -I/private/tmp/gptk4-wine-source/include -D__WINESRC__ -DWINE_UNIX_LIB -Wall -pipe \
  -fcf-protection=none -fvisibility=hidden -fno-stack-protector -fno-strict-aliasing \
  -Wdeclaration-after-statement -Wempty-body -Wignored-qualifiers -Winit-self -Wpointer-arith \
  -Wno-pragma-pack -Wstrict-prototypes -Wtype-limits -Wunused-but-set-parameter -Wvla \
  -Wwrite-strings -gdwarf-4 -fPIC -fasynchronous-unwind-tables -g -O2 -U_FORTIFY_SOURCE -D_FORTIFY_SOURCE=0
clang -arch x86_64 -m64 -c -o dlls/winemac.drv/mouse.o /private/tmp/gptk4-wine-source/dlls/winemac.drv/mouse.c -Idlls/winemac.drv \
  -I/private/tmp/gptk4-wine-source/dlls/winemac.drv -Iinclude \
  -I/private/tmp/gptk4-wine-source/include -D__WINESRC__ -DWINE_UNIX_LIB -Wall -pipe \
  -fcf-protection=none -fvisibility=hidden -fno-stack-protector -fno-strict-aliasing \
  -Wdeclaration-after-statement -Wempty-body -Wignored-qualifiers -Winit-self -Wpointer-arith \
  -Wno-pragma-pack -Wstrict-prototypes -Wtype-limits -Wunused-but-set-parameter -Wvla \
  -Wwrite-strings -gdwarf-4 -fPIC -fasynchronous-unwind-tables -g -O2 -U_FORTIFY_SOURCE -D_FORTIFY_SOURCE=0
/private/tmp/gptk4-wine-source/dlls/winemac.drv/gdi.c:126:37: warning: 'CGDisplayModeCopyPixelEncoding' is deprecated: first deprecated in macOS 10.11 - No longer supported [-Wdeprecated-declarations]
  126 |         CFStringRef pixelEncoding = CGDisplayModeCopyPixelEncoding(mode);
      |                                     ^
/Library/Developer/CommandLineTools/SDKs/MacOSX27.sdk/System/Library/Frameworks/CoreGraphics.framework/Headers/CGDirectDisplay.h:177:34: note: 'CGDisplayModeCopyPixelEncoding' has been explicitly marked deprecated here
  177 | CG_EXTERN CFStringRef __nullable CGDisplayModeCopyPixelEncoding(
      |                                  ^
/private/tmp/gptk4-wine-source/dlls/winemac.drv/display.c:62:22: warning: 'CGDisplayModeCopyPixelEncoding' is deprecated: first deprecated in macOS 10.11 - No longer supported [-Wdeprecated-declarations]
   62 |     pixel_encoding = CGDisplayModeCopyPixelEncoding(display_mode);
      |                      ^
/Library/Developer/CommandLineTools/SDKs/MacOSX27.sdk/System/Library/Frameworks/CoreGraphics.framework/Headers/CGDirectDisplay.h:177:34: note: 'CGDisplayModeCopyPixelEncoding' has been explicitly marked deprecated here
  177 | CG_EXTERN CFStringRef __nullable CGDisplayModeCopyPixelEncoding(
      |                                  ^
/private/tmp/gptk4-wine-source/dlls/winemac.drv/display.c:186:22: warning: 'CGDisplayModeCopyPixelEncoding' is deprecated: first deprecated in macOS 10.11 - No longer supported [-Wdeprecated-declarations]
  186 |     pixel_encoding = CGDisplayModeCopyPixelEncoding(display_mode);
      |                      ^
/Library/Developer/CommandLineTools/SDKs/MacOSX27.sdk/System/Library/Frameworks/CoreGraphics.framework/Headers/CGDirectDisplay.h:177:34: note: 'CGDisplayModeCopyPixelEncoding' has been explicitly marked deprecated here
  177 | CG_EXTERN CFStringRef __nullable CGDisplayModeCopyPixelEncoding(
      |                                  ^
/private/tmp/gptk4-wine-source/dlls/winemac.drv/display.c:370:27: warning: 'CGDisplayModeCopyPixelEncoding' is deprecated: first deprecated in macOS 10.11 - No longer supported [-Wdeprecated-declarations]
  370 |     mode_pixel_encoding = CGDisplayModeCopyPixelEncoding(mode);
      |                           ^
/Library/Developer/CommandLineTools/SDKs/MacOSX27.sdk/System/Library/Frameworks/CoreGraphics.framework/Headers/CGDirectDisplay.h:177:34: note: 'CGDisplayModeCopyPixelEncoding' has been explicitly marked deprecated here
  177 | CG_EXTERN CFStringRef __nullable CGDisplayModeCopyPixelEncoding(
      |                                  ^
/private/tmp/gptk4-wine-source/dlls/winemac.drv/display.c:414:34: warning: 'CGDisplayModeCopyPixelEncoding' is deprecated: first deprecated in macOS 10.11 - No longer supported [-Wdeprecated-declarations]
  414 |     CFStringRef pixel_encoding = CGDisplayModeCopyPixelEncoding(display_mode);
      |                                  ^
/Library/Developer/CommandLineTools/SDKs/MacOSX27.sdk/System/Library/Frameworks/CoreGraphics.framework/Headers/CGDirectDisplay.h:177:34: note: 'CGDisplayModeCopyPixelEncoding' has been explicitly marked deprecated here
  177 | CG_EXTERN CFStringRef __nullable CGDisplayModeCopyPixelEncoding(
      |                                  ^
/private/tmp/gptk4-wine-source/dlls/winemac.drv/display.c:491:22: warning: 'CGDisplayModeCopyPixelEncoding' is deprecated: first deprecated in macOS 10.11 - No longer supported [-Wdeprecated-declarations]
  491 |     pixel_encoding = CGDisplayModeCopyPixelEncoding(new_mode);
      |                      ^
/Library/Developer/CommandLineTools/SDKs/MacOSX27.sdk/System/Library/Frameworks/CoreGraphics.framework/Headers/CGDirectDisplay.h:177:34: note: 'CGDisplayModeCopyPixelEncoding' has been explicitly marked deprecated here
  177 | CG_EXTERN CFStringRef __nullable CGDisplayModeCopyPixelEncoding(
      |                                  ^
/private/tmp/gptk4-wine-source/dlls/winemac.drv/display.c:1111:13: warning: 'sprintf' is deprecated: This function is provided for compatibility reasons only.  Due to security concerns inherent in the design of sprintf(3), it is highly recommended that you use snprintf(3) instead. [-Wdeprecated-declarations]
 1111 |             sprintf( buffer, "%04x", adapter->id );
      |             ^
/Library/Developer/CommandLineTools/SDKs/MacOSX27.sdk/usr/include/_stdio.h:278:1: note: 'sprintf' has been explicitly marked deprecated here
  278 | __deprecated_msg("This function is provided for compatibility reasons only.  Due to security concerns inherent in the design of sprintf(3), it is highly recommended that you use snprintf(3) instead.")
      | ^
/Library/Developer/CommandLineTools/SDKs/MacOSX27.sdk/usr/include/sys/cdefs.h:227:48: note: expanded from macro '__deprecated_msg'
  227 |         #define __deprecated_msg(_msg) __attribute__((__deprecated__(_msg)))
      |                                                       ^
1 warning generated.
clang -arch x86_64 -m64 -c -o dlls/winemac.drv/opengl.o /private/tmp/gptk4-wine-source/dlls/winemac.drv/opengl.c -Idlls/winemac.drv \
  -I/private/tmp/gptk4-wine-source/dlls/winemac.drv -Iinclude \
  -I/private/tmp/gptk4-wine-source/include -D__WINESRC__ -DWINE_UNIX_LIB -Wall -pipe \
  -fcf-protection=none -fvisibility=hidden -fno-stack-protector -fno-strict-aliasing \
  -Wdeclaration-after-statement -Wempty-body -Wignored-qualifiers -Winit-self -Wpointer-arith \
  -Wno-pragma-pack -Wstrict-prototypes -Wtype-limits -Wunused-but-set-parameter -Wvla \
  -Wwrite-strings -gdwarf-4 -fPIC -fasynchronous-unwind-tables -g -O2 -U_FORTIFY_SOURCE -D_FORTIFY_SOURCE=0
clang -arch x86_64 -m64 -c -o dlls/winemac.drv/surface.o /private/tmp/gptk4-wine-source/dlls/winemac.drv/surface.c -Idlls/winemac.drv \
  -I/private/tmp/gptk4-wine-source/dlls/winemac.drv -Iinclude \
  -I/private/tmp/gptk4-wine-source/include -D__WINESRC__ -DWINE_UNIX_LIB -Wall -pipe \
  -fcf-protection=none -fvisibility=hidden -fno-stack-protector -fno-strict-aliasing \
  -Wdeclaration-after-statement -Wempty-body -Wignored-qualifiers -Winit-self -Wpointer-arith \
  -Wno-pragma-pack -Wstrict-prototypes -Wtype-limits -Wunused-but-set-parameter -Wvla \
  -Wwrite-strings -gdwarf-4 -fPIC -fasynchronous-unwind-tables -g -O2 -U_FORTIFY_SOURCE -D_FORTIFY_SOURCE=0
clang -arch x86_64 -m64 -c -o dlls/winemac.drv/systray.o /private/tmp/gptk4-wine-source/dlls/winemac.drv/systray.c -Idlls/winemac.drv \
  -I/private/tmp/gptk4-wine-source/dlls/winemac.drv -Iinclude \
  -I/private/tmp/gptk4-wine-source/include -D__WINESRC__ -DWINE_UNIX_LIB -Wall -pipe \
  -fcf-protection=none -fvisibility=hidden -fno-stack-protector -fno-strict-aliasing \
  -Wdeclaration-after-statement -Wempty-body -Wignored-qualifiers -Winit-self -Wpointer-arith \
  -Wno-pragma-pack -Wstrict-prototypes -Wtype-limits -Wunused-but-set-parameter -Wvla \
  -Wwrite-strings -gdwarf-4 -fPIC -fasynchronous-unwind-tables -g -O2 -U_FORTIFY_SOURCE -D_FORTIFY_SOURCE=0
clang -arch x86_64 -m64 -c -o dlls/winemac.drv/vulkan.o /private/tmp/gptk4-wine-source/dlls/winemac.drv/vulkan.c -Idlls/winemac.drv \
  -I/private/tmp/gptk4-wine-source/dlls/winemac.drv -Iinclude \
  -I/private/tmp/gptk4-wine-source/include -D__WINESRC__ -DWINE_UNIX_LIB -Wall -pipe \
  -fcf-protection=none -fvisibility=hidden -fno-stack-protector -fno-strict-aliasing \
  -Wdeclaration-after-statement -Wempty-body -Wignored-qualifiers -Winit-self -Wpointer-arith \
  -Wno-pragma-pack -Wstrict-prototypes -Wtype-limits -Wunused-but-set-parameter -Wvla \
  -Wwrite-strings -gdwarf-4 -fPIC -fasynchronous-unwind-tables -g -O2 -U_FORTIFY_SOURCE -D_FORTIFY_SOURCE=0
clang -arch x86_64 -m64 -c -o dlls/winemac.drv/window.o /private/tmp/gptk4-wine-source/dlls/winemac.drv/window.c -Idlls/winemac.drv \
  -I/private/tmp/gptk4-wine-source/dlls/winemac.drv -Iinclude \
  -I/private/tmp/gptk4-wine-source/include -D__WINESRC__ -DWINE_UNIX_LIB -Wall -pipe \
  -fcf-protection=none -fvisibility=hidden -fno-stack-protector -fno-strict-aliasing \
  -Wdeclaration-after-statement -Wempty-body -Wignored-qualifiers -Winit-self -Wpointer-arith \
  -Wno-pragma-pack -Wstrict-prototypes -Wtype-limits -Wunused-but-set-parameter -Wvla \
  -Wwrite-strings -gdwarf-4 -fPIC -fasynchronous-unwind-tables -g -O2 -U_FORTIFY_SOURCE -D_FORTIFY_SOURCE=0
6 warnings generated.
clang -D__STDC__ -c -o dlls/winemac.drv/x86_64-windows/dllmain.o /private/tmp/gptk4-wine-source/dlls/winemac.drv/dllmain.c -Idlls/winemac.drv \
  -I/private/tmp/gptk4-wine-source/dlls/winemac.drv -Iinclude \
  -I/private/tmp/gptk4-wine-source/include -I/private/tmp/gptk4-wine-source/include/msvcrt -D_UCRT \
  -D__WINESRC__ -D__WINE_PE_BUILD -Wall -target x86_64-windows -fuse-ld=lld --no-default-config \
  -fno-strict-aliasing -Wdeclaration-after-statement -Wempty-body -Wignored-qualifiers -Winit-self \
  -Wno-pragma-pack -Wno-microsoft-enum-forward-reference -Wstrict-prototypes -Wtype-limits \
  -Wunused-but-set-parameter -Wvla -Wwrite-strings -Wpointer-arith -Wabsolute-value \
  -ffunction-sections -fms-hotpatch -Wformat-overflow -Wnonnull -mcx16 -mcmodel=small -gdwarf-4 \
  -g -O2
tools/winegcc/winegcc -o dlls/winemac.drv/x86_64-windows/winemac.drv --wine-objdir . -b x86_64-windows -Wl,--wine-builtin -shared \
  /private/tmp/gptk4-wine-source/dlls/winemac.drv/winemac.drv.spec \
  dlls/winemac.drv/x86_64-windows/dllmain.o dlls/winemac.drv/winemac.res \
  dlls/advapi32/x86_64-windows/libadvapi32.a libs/uuid/x86_64-windows/libuuid.a \
  dlls/rpcrt4/x86_64-windows/librpcrt4.a dlls/user32/x86_64-windows/libuser32.a \
  dlls/gdi32/x86_64-windows/libgdi32.a dlls/win32u/x86_64-windows/libwin32u.a \
  dlls/ole32/x86_64-windows/libole32.a dlls/shell32/x86_64-windows/libshell32.a \
  dlls/imm32/x86_64-windows/libimm32.a dlls/winecrt0/x86_64-windows/libwinecrt0.a \
  dlls/ucrtbase/x86_64-windows/libucrtbase.a dlls/kernel32/x86_64-windows/libkernel32.a \
  dlls/ntdll/x86_64-windows/libntdll.a -Wl,-delayload,ole32.dll -Wl,-delayload,shell32.dll \
  -Wl,-delayload,imm32.dll --no-default-config -fms-hotpatch -Wl,-debug:dwarf
/private/tmp/gptk4-wine-source/dlls/winemac.drv/opengl.c:1775:23: warning: 'CGDisplayIOServicePort' is deprecated: first deprecated in macOS 10.9 - No longer supported [-Wdeprecated-declarations]
 1775 |             service = CGDisplayIOServicePort(display_id);
      |                       ^
/Library/Developer/CommandLineTools/SDKs/MacOSX27.sdk/System/Library/Frameworks/CoreGraphics.framework/Headers/CGDisplayConfiguration.h:372:24: note: 'CGDisplayIOServicePort' has been explicitly marked deprecated here
  372 | CG_EXTERN io_service_t CGDisplayIOServicePort(CGDirectDisplayID display)
      |                        ^
1 warning generated.
clang -arch x86_64 -m64 -o dlls/winemac.drv/winemac.so -dynamiclib -install_name @rpath/winemac.so -Wl,-rpath,@loader_path\/ \
  dlls/winemac.drv/clipboard.o dlls/winemac.drv/cocoa_app.o dlls/winemac.drv/cocoa_clipboard.o \
  dlls/winemac.drv/cocoa_cursorclipping.o dlls/winemac.drv/cocoa_display.o \
  dlls/winemac.drv/cocoa_event.o dlls/winemac.drv/cocoa_main.o dlls/winemac.drv/cocoa_opengl.o \
  dlls/winemac.drv/cocoa_status_item.o dlls/winemac.drv/cocoa_window.o dlls/winemac.drv/display.o \
  dlls/winemac.drv/event.o dlls/winemac.drv/gdi.o dlls/winemac.drv/image.o \
  dlls/winemac.drv/keyboard.o dlls/winemac.drv/macdrv_main.o dlls/winemac.drv/mouse.o \
  dlls/winemac.drv/opengl.o dlls/winemac.drv/surface.o dlls/winemac.drv/systray.o \
  dlls/winemac.drv/vulkan.o dlls/winemac.drv/window.o dlls/ntdll/ntdll.so dlls/win32u/win32u.so \
  -framework AppKit -framework Carbon -framework CoreVideo -framework Foundation -framework IOKit \
  -framework OpenGL -framework QuartzCore -framework Security -framework Metal 
