checking build system type... aarch64-apple-darwin27.0.0
checking host system type... x86_64-apple-darwin
checking for x86_64-apple-darwin-gcc... clang -arch x86_64
checking whether the C compiler works... yes
checking for C compiler default output file name... a.out
checking for suffix of executables... 
checking whether we are cross compiling... no
checking for suffix of object files... o
checking whether the compiler supports GNU C... yes
checking whether clang -arch x86_64 accepts -g... yes
checking for clang -arch x86_64 option to enable C11 features... none needed
checking whether the compiler supports GNU C++... yes
checking whether clang++ -arch x86_64 accepts -g... yes
checking for clang++ -arch x86_64 option to enable C++11 features... none needed
checking for x86_64-apple-darwin-cpp... no
checking for cpp... cpp
checking for x86_64-apple-darwin-ld... no
checking for ld... ld
checking for the directory containing the Wine tools... 
checking for flex... flex
checking whether flex is recent enough... yes
checking for bison... bison
checking whether bison is recent enough... yes
checking for x86_64-apple-darwin-strip... no
checking for strip... strip
checking whether ln -s works... yes
checking for x86_64-apple-darwin-pkg-config... no
checking for pkg-config... pkg-config
checking for msgfmt... msgfmt
checking whether msgfmt supports contexts... yes
checking for i386_set_ldt in -li386... no
checking for clang -arch x86_64 -m64 option to enable large file support... none needed
checking for clang -arch x86_64 -m64 option for timestamps after 2038... none needed
checking for stdio.h... yes
checking for stdlib.h... yes
checking for string.h... yes
checking for inttypes.h... yes
checking for stdint.h... yes
checking for strings.h... yes
checking for sys/stat.h... yes
checking for sys/types.h... yes
checking for unistd.h... yes
checking for CL/cl.h... no
checking for EGL/egl.h... no
checking for OpenCL/opencl.h... yes
checking for arpa/inet.h... yes
checking for arpa/nameser.h... yes
checking for asm/termbits.h... no
checking for asm/types.h... no
checking for asm/user.h... no
checking for elf.h... no
checking for gettext-po.h... no
checking for link.h... no
checking for linux/cdrom.h... no
checking for linux/filter.h... no
checking for linux/hdreg.h... no
checking for linux/hidraw.h... no
checking for linux/input.h... no
checking for linux/ioctl.h... no
checking for linux/major.h... no
checking for linux/param.h... no
checking for linux/serial.h... no
checking for linux/types.h... no
checking for linux/ucdrom.h... no
checking for linux/wireless.h... no
checking for lwp.h... no
checking for mach-o/loader.h... yes
checking for mach/mach.h... yes
checking for machine/cpu.h... no
checking for machine/sysarch.h... no
checking for mntent.h... no
checking for netdb.h... yes
checking for netinet/in.h... yes
checking for netinet/in_systm.h... yes
checking for netinet/tcp.h... yes
checking for netinet/tcp_fsm.h... yes
checking for pcap/pcap.h... yes
checking for port.h... no
checking for pwd.h... yes
checking for sched.h... yes
checking for scsi/scsi.h... no
checking for scsi/scsi_ioctl.h... no
checking for scsi/sg.h... no
checking for sys/attr.h... yes
checking for sys/auxv.h... no
checking for sys/cdio.h... no
checking for sys/epoll.h... no
checking for sys/event.h... yes
checking for sys/extattr.h... no
checking for sys/filio.h... yes
checking for sys/ipc.h... yes
checking for sys/link.h... no
checking for sys/modem.h... no
checking for sys/mtio.h... no
checking for sys/param.h... yes
checking for sys/prctl.h... no
checking for sys/ptrace.h... yes
checking for sys/queue.h... yes
checking for sys/random.h... yes
checking for sys/resource.h... yes
checking for sys/scsiio.h... no
checking for sys/shm.h... yes
checking for sys/signal.h... yes
checking for sys/socketvar.h... yes
checking for sys/sockio.h... yes
checking for sys/statvfs.h... yes
checking for sys/strtio.h... no
checking for sys/syscall.h... yes
checking for sys/sysinfo.h... no
checking for sys/times.h... yes
checking for sys/uio.h... yes
checking for sys/user.h... yes
checking for sys/utsname.h... yes
checking for sys/vnode.h... yes
checking for sys/xattr.h... yes
checking for syscall.h... no
checking for utime.h... yes
checking for valgrind/memcheck.h... no
checking for valgrind/valgrind.h... no
checking for sys/mkdev.h... no
checking for sys/sysmacros.h... no
checking for sys/conf.h... yes
checking for sys/mount.h... yes
checking for sys/statfs.h... no
checking for sys/user.h... (cached) yes
checking for sys/vfs.h... no
checking for sys/sysctl.h... yes
checking for netinet/ip.h... yes
checking for net/if.h... yes
checking for net/if_arp.h... yes
checking for net/if_dl.h... yes
checking for net/if_types.h... yes
checking for net/route.h... yes
checking for netinet/if_ether.h... yes
checking for netinet/in_pcb.h... yes
checking for netinet/ip_icmp.h... yes
checking for netinet/ip_var.h... yes
checking for netinet/udp.h... yes
checking for netinet6/ip6_var.h... no
checking for netipx/ipx.h... no
checking for sys/un.h... yes
checking for netinet/udp_var.h... yes
checking for netinet/icmp_var.h... yes
checking for netinet/icmp6.h... yes
checking for netinet/tcp_var.h... yes
checking for linux/ipx.h... no
checking for linux/irda.h... no
checking for linux/rtnetlink.h... no
checking for resolv.h... yes
checking for ifaddrs.h... yes
checking for sys/ucontext.h... yes
checking for sys/thr.h... no
checking for pthread_np.h... no
checking for linux/videodev2.h... no
checking for libprocstat.h... no
checking whether getxattr takes additional arguments... yes
checking for ldd... true
checking for x86_64-apple-darwin-otool... no
checking for otool... otool
checking for x86_64-apple-darwin-readelf... no
checking for readelf... no
checking whether the compiler supports -Wl,-no_huge... yes
checking whether MTLDevice protocol supports registryID property... checking for x86_64-apple-darwin-gcc... no
checking for x86_64-apple-darwin-objcc... no
checking for x86_64-apple-darwin-objc... no
checking for x86_64-apple-darwin-cc... no
checking for x86_64-apple-darwin-CC... no
checking for x86_64-apple-darwin-clang... no
checking for gcc... gcc
checking whether the compiler supports GNU Objective C... yes
checking whether gcc accepts -g... yes
yes
checking for x86_64-w64-mingw32-gcc... no
checking for amd64-w64-mingw32-gcc... no
checking for x86_64-w64-mingw32-clang... no
checking for amd64-w64-mingw32-clang... no
checking for clang... clang
checking whether clang supports -target x86_64-windows -fuse-ld=lld -Wl,-subsystem:console -Wl,-WX --no-default-config... yes
checking for clang option to enable C99 features... -D__STDC__
checking whether clang supports SEH directives... yes
checking whether clang supports -fno-strict-aliasing... yes
checking whether clang supports -Werror=unknown-warning-option... yes
checking whether clang supports -Werror=ignored-optimization-argument... yes
checking whether clang supports -Wdeclaration-after-statement... yes
checking whether clang supports -Wempty-body... yes
checking whether clang supports -Wignored-qualifiers... yes
checking whether clang supports -Winit-self... yes
checking whether clang supports -Wpacked-not-aligned... no
checking whether clang supports -Wpragma-pack... yes
checking whether clang supports -Wmicrosoft-enum-forward-reference... yes
checking whether clang supports -Wshift-overflow=2... no
checking whether clang supports -Wstrict-prototypes... yes
checking whether clang supports -Wtype-limits... yes
checking whether clang supports -Wunused-but-set-parameter... yes
checking whether clang supports -Wvla... yes
checking whether clang supports -Wwrite-strings... yes
checking whether clang supports -Wpointer-arith... yes
checking whether clang supports -Wlogical-op... no
checking whether clang supports -Wabsolute-value... yes
checking whether clang supports -Wenum-enum-conversion... yes
checking whether clang supports -ffunction-sections... yes
checking whether clang supports -fms-hotpatch -DMIN_CLANG_VERSION=18... yes
checking whether clang supports -flarge-source-files -Wmisleading-indentation... no
checking whether clang supports -Wformat-overflow... yes
checking whether clang supports -Wnonnull... yes
checking whether clang supports -mcx16... yes
checking whether clang supports -mcmodel=small... yes
checking whether clang supports -Wl,-debug:dwarf... yes
checking whether clang supports -gdwarf-4... yes
checking for pthread_create... yes
checking how to run the C preprocessor... clang -arch x86_64 -m64 -E
checking for X... disabled
checking for wayland-client.h... no
checking for xkbcommon/xkbcommon.h... no
checking for xkb_context_new in -lxkbcommon... no
checking for xkbcommon/xkbregistry.h... no
checking for rxkb_context_new in -lxkbregistry... no
checking for EGL/egl.h... (cached) no
checking for wayland-egl.h... no
checking for pcap_init in -lpcap... yes
checking for SCardEstablishContext in -lpcsclite... no
checking for sys/inotify.h... no
checking for inotify_add_watch in -linotify... no
checking for dbus/dbus.h... no
checking for sane/sane.h... no
checking for libusb.h... yes
checking for libusb_interrupt_event_handler in -lusb-1.0... no
checking for -lv4l2... not found
checking for gphoto2-camera.h... no
checking for gphoto2-port.h... no
checking for resolver library... -lresolv
checking for res_getservers... yes
checking for pthread_getthreadid_np... no
checking for pulse/pulseaudio.h... no
checking for libavutil/avutil.h... yes
checking for libavformat/avformat.h... yes
checking for libavcodec/avcodec.h... yes
checking for libavcodec/bsf.h... yes
checking for av_log_set_callback in -lavutil... no
checking for snd_pcm_hw_params_get_access_mask in -lasound... no
checking for sys/soundcard.h... no
checking for libudev.h... no
checking for unw_step... yes
checking for SDL.h... yes
checking for -lSDL2... not found
checking for capi20.h... no
checking for linux/capi.h... no
checking for cups/cups.h... yes
checking for cups/ppd.h... yes
checking for -lcups... libcups.2.dylib
checking for krb5/krb5.h... yes
checking for -lkrb5... not found
checking for -lodbc... not found
checking for -lnetapi... not found
checking for -lvulkan... not found
checking for -lMoltenVK... not found
checking whether the compiler supports -Werror=unknown-warning-option... yes
checking whether the compiler supports -Werror=unused-command-line-argument... yes
checking whether the compiler supports -Werror=ignored-optimization-argument... yes
checking whether the compiler supports -fcf-protection=none... yes
checking whether the compiler supports -fvisibility=hidden... yes
checking whether the compiler supports -fno-stack-protector... yes
checking whether the compiler supports -fno-strict-aliasing... yes
checking whether the compiler supports -Wdeclaration-after-statement... yes
checking whether the compiler supports -Wempty-body... yes
checking whether the compiler supports -Wignored-qualifiers... yes
checking whether the compiler supports -Winit-self... yes
checking whether the compiler supports -Wlogical-op... no
checking whether the compiler supports -Wpacked-not-aligned... no
checking whether the compiler supports -Wpointer-arith... yes
checking whether the compiler supports -Wpragma-pack... yes
checking whether the compiler supports -Wshift-overflow=2... no
checking whether the compiler supports -Wstrict-prototypes... yes
checking whether the compiler supports -Wtype-limits... yes
checking whether the compiler supports -Wunused-but-set-parameter... yes
checking whether the compiler supports -Wvla... yes
checking whether the compiler supports -Wwrite-strings... yes
checking whether the compiler supports -flarge-source-files -Wmisleading-indentation... no
checking for flags needed for 64-bit compare-and-swap support... none needed
checking whether the compiler supports -gdwarf-4... yes
checking whether the compiler supports -fno-builtin... yes
checking whether the compiler supports -fshort-wchar... yes
checking whether the compiler supports -Wno-format... yes
checking for working -mabi=ms... no
checking for the need to disable Fortify... yes
checking whether CFI directives are supported in assembly code... yes
checking for library containing dlopen... none required
checking for dladdr1... no
checking for dlinfo... no
checking for epoll_create... no
checking for fstatfs... yes
checking for futimens... yes
checking for futimes... yes
checking for futimesat... no
checking for getaddrinfo... yes
checking for getattrlist... yes
checking for getauxval... no
checking for getifaddrs... yes
checking for getrandom... no
checking for kqueue... yes
checking for pipe2... yes
checking for port_create... no
checking for posix_fadvise... no
checking for posix_fallocate... no
checking for prctl... no
checking for sched_getcpu... no
checking for sched_yield... yes
checking for setproctitle... no
checking for setprogname... yes
checking for sigprocmask... yes
checking for sysinfo... no
checking for tcdrain... yes
checking for thr_kill2... no
checking for library containing clock_gettime... none required
checking for sched_setaffinity... no
checking for request_sense... no
checking whether we can use re-entrant gethostbyname_r Linux style... no
checking for struct sockaddr_un.sun_len... yes
checking for scsireq_t.cmd... no
checking for sg_io_hdr_t.interface_id... no
checking for siginfo_t.si_fd... no
checking for struct mtget.mt_blksiz... no
checking for struct mtget.mt_gstat... no
checking for struct mtget.mt_blkno... no
checking for struct stat.st_mtim... no
checking for struct stat.st_mtimespec... yes
checking for struct stat.st_ctim... no
checking for struct stat.st_ctimespec... yes
checking for struct stat.st_atim... no
checking for struct stat.st_atimespec... yes
checking for struct stat.st_birthtime... yes
checking for struct stat.st_birthtim... no
checking for struct stat.st_birthtimespec... yes
checking for struct stat.__st_birthtime... no
checking for struct stat.__st_birthtim... no
checking for struct sockaddr_in6.sin6_scope_id... yes
checking for struct __res_state._u._ext.nscount6... no
checking for struct in6_pktinfo.ipi6_addr... yes
checking for struct ipstat.ips_total... yes
checking for struct ip_stats.ips_total... no
checking for struct ip6stat.ip6s_total... no
checking for struct icmpstat.icps_error... yes
checking for struct icmp6stat.icp6s_error... yes
checking for struct tcpstat.tcps_connattempt... yes
checking for struct tcp_stats.tcps_connattempt... no
checking for struct udpstat.udps_ipackets... yes
checking for struct ifreq.ifr_hwaddr... no
checking for struct sysinfo.totalram... no
checking for struct sysinfo.mem_unit... no
checking for __builtin_popcount... yes
checking for __clear_cache... no
checking whether we need to define __x86_64__... no
creating Makefile rules... done
configure: creating ./config.status
config.status: creating include/config.h
config.status: linking /private/tmp/gptk4-wine-source/tools/winewrapper to wine
config.status: linking /private/tmp/gptk4-wine-source/tools/winewrapper to wine64
config.status: executing include/stamp-h commands
config.status: executing tools/makedep commands
config.status: executing Makefile commands

configure: Wayland 64-bit development files not found, the Wayland driver won't be supported.
configure: libinotify 64-bit development files not found (or too old), filesystem change notifications won't be supported.
configure: libsane 64-bit development files not found, scanners won't be supported.
configure: libusb-1.0 64-bit development files not found (or too old), USB devices won't be supported.
configure: libv4l2 64-bit development files not found.
configure: libgphoto2 64-bit development files not found, digital cameras won't be supported.
configure: libgphoto2_port 64-bit development files not found, digital cameras won't be auto-detected.
configure: libpulse 64-bit development files not found or too old, Pulse won't be supported.
configure: FFmpeg 64-bit development files not found.
configure: OSS sound system found but too old (OSSv4 needed), OSS won't be supported.
configure: libudev 64-bit development files not found, plug and play won't be supported.
configure: libSDL2 64-bit development files not found, SDL2 won't be supported.
configure: libcapi20 64-bit development files not found, ISDN won't be supported.
configure: libkrb5 64-bit development files not found (or too old), Kerberos won't be supported.
configure: libnetapi not found, Samba NetAPI won't be supported.
configure: libvulkan and libMoltenVK 64-bit development files not found, Vulkan won't be supported.

configure: Finished.  Do 'make' to compile Wine.

