clang -arch x86_64 -m64 -c -o dlls/winemac.drv/macdrv_main.o /private/tmp/gptk4-wine11-source/dlls/winemac.drv/macdrv_main.c -Idlls/winemac.drv \
  -I/private/tmp/gptk4-wine11-source/dlls/winemac.drv -Iinclude \
  -I/private/tmp/gptk4-wine11-source/include -D__WINESRC__ -DWINE_UNIX_LIB -Wall -pipe \
  -fcf-protection=none -fvisibility=hidden -fno-stack-protector -fno-strict-aliasing \
  -Wdeclaration-after-statement -Wempty-body -Wignored-qualifiers -Winit-self -Wpointer-arith \
  -Wstrict-prototypes -Wtype-limits -Wunused-but-set-parameter -Wvla -Wwrite-strings -gdwarf-4 -fPIC \
  -fasynchronous-unwind-tables -g -O2 -U_FORTIFY_SOURCE -D_FORTIFY_SOURCE=0
/private/tmp/gptk4-wine11-source/dlls/winemac.drv/macdrv_main.c:459:10: warning: mixing declarations and code is incompatible with standards before C99 [-Wdeclaration-after-statement]
  459 |     TEB *teb = NtCurrentTeb();
      |          ^
/private/tmp/gptk4-wine11-source/dlls/winemac.drv/macdrv_main.c:471:10: warning: mixing declarations and code is incompatible with standards before C99 [-Wdeclaration-after-statement]
  471 |     TEB *teb = NtCurrentTeb();
      |          ^
/private/tmp/gptk4-wine11-source/dlls/winemac.drv/macdrv_main.c:483:10: warning: mixing declarations and code is incompatible with standards before C99 [-Wdeclaration-after-statement]
  483 |     TEB *teb = NtCurrentTeb();
      |          ^
/private/tmp/gptk4-wine11-source/dlls/winemac.drv/macdrv_main.c:495:10: warning: mixing declarations and code is incompatible with standards before C99 [-Wdeclaration-after-statement]
  495 |     TEB *teb = NtCurrentTeb();
      |          ^
/private/tmp/gptk4-wine11-source/dlls/winemac.drv/macdrv_main.c:507:10: warning: mixing declarations and code is incompatible with standards before C99 [-Wdeclaration-after-statement]
  507 |     TEB *teb = NtCurrentTeb();
      |          ^
/private/tmp/gptk4-wine11-source/dlls/winemac.drv/macdrv_main.c:519:10: warning: mixing declarations and code is incompatible with standards before C99 [-Wdeclaration-after-statement]
  519 |     TEB *teb = NtCurrentTeb();
      |          ^
/private/tmp/gptk4-wine11-source/dlls/winemac.drv/macdrv_main.c:531:10: warning: mixing declarations and code is incompatible with standards before C99 [-Wdeclaration-after-statement]
  531 |     TEB *teb = NtCurrentTeb();
      |          ^
/private/tmp/gptk4-wine11-source/dlls/winemac.drv/macdrv_main.c:543:10: warning: mixing declarations and code is incompatible with standards before C99 [-Wdeclaration-after-statement]
  543 |     TEB *teb = NtCurrentTeb();
      |          ^
/private/tmp/gptk4-wine11-source/dlls/winemac.drv/macdrv_main.c:555:10: warning: mixing declarations and code is incompatible with standards before C99 [-Wdeclaration-after-statement]
  555 |     TEB *teb = NtCurrentTeb();
      |          ^
/private/tmp/gptk4-wine11-source/dlls/winemac.drv/macdrv_main.c:567:10: warning: mixing declarations and code is incompatible with standards before C99 [-Wdeclaration-after-statement]
  567 |     TEB *teb = NtCurrentTeb();
      |          ^
/private/tmp/gptk4-wine11-source/dlls/winemac.drv/macdrv_main.c:579:10: warning: mixing declarations and code is incompatible with standards before C99 [-Wdeclaration-after-statement]
  579 |     TEB *teb = NtCurrentTeb();
      |          ^
/private/tmp/gptk4-wine11-source/dlls/winemac.drv/macdrv_main.c:591:10: warning: mixing declarations and code is incompatible with standards before C99 [-Wdeclaration-after-statement]
  591 |     TEB *teb = NtCurrentTeb();
      |          ^
/private/tmp/gptk4-wine11-source/dlls/winemac.drv/macdrv_main.c:603:10: warning: mixing declarations and code is incompatible with standards before C99 [-Wdeclaration-after-statement]
  603 |     TEB *teb = NtCurrentTeb();
      |          ^
/private/tmp/gptk4-wine11-source/dlls/winemac.drv/macdrv_main.c:615:10: warning: mixing declarations and code is incompatible with standards before C99 [-Wdeclaration-after-statement]
  615 |     TEB *teb = NtCurrentTeb();
      |          ^
14 warnings generated.
clang -arch x86_64 -m64 -o dlls/winemac.drv/winemac.so -dynamiclib -install_name @rpath/winemac.so -Wl,-rpath,@loader_path\/ \
  dlls/winemac.drv/clipboard.o dlls/winemac.drv/cocoa_app.o dlls/winemac.drv/cocoa_clipboard.o \
  dlls/winemac.drv/cocoa_cursorclipping.o dlls/winemac.drv/cocoa_display.o \
  dlls/winemac.drv/cocoa_event.o dlls/winemac.drv/cocoa_main.o dlls/winemac.drv/cocoa_opengl.o \
  dlls/winemac.drv/cocoa_status_item.o dlls/winemac.drv/cocoa_window.o dlls/winemac.drv/display.o \
  dlls/winemac.drv/event.o dlls/winemac.drv/gdi.o dlls/winemac.drv/image.o \
  dlls/winemac.drv/keyboard.o dlls/winemac.drv/macdrv_main.o dlls/winemac.drv/mouse.o \
  dlls/winemac.drv/opengl.o dlls/winemac.drv/surface.o dlls/winemac.drv/systray.o \
  dlls/winemac.drv/vulkan.o dlls/winemac.drv/window.o dlls/ntdll/ntdll.so dlls/win32u/win32u.so \
  -framework AppKit -framework Carbon -framework CoreVideo -framework Foundation -framework IOKit \
  -framework Metal -framework OpenGL -framework QuartzCore -framework Security -Wl,-headerpad_max_install_names,-rpath,@executable_path/../lib/external
